49001 406521
53740 483160
54558 498184
53548 480952
59171 580621
51128 436836
58455 571941
54908 503248
55194 507316
56941 535465
60521 606317
55553 512913
60128 603156
57511 543685
66103 722401
55058 503824
63810 680012
65448 701836
66287 725585
56411 525745
61862 629400
61437 619401
59839 591781
66830 730936
65889 720065
62864 643976
64874 694104
65176 698056
70101 811405
60989 614481
71987 839193
60105 594597
72496 859408
70333 813901
61687 623789
71779 836401
67475 747129
64892 694292
54018 486488
71980 852812
76508 956696
72712 863332
59073 579765
63028 650340
69323 775337
55326 508448
65008 695840
72326 856992
66567 728901
65048 697360
71187 828625
61787 624837
78575 1004825
59615 589513
60947 612157
72656 861136
70991 825245
66681 729941
61127 614285
71511 833217
67400 740248
63940 663980
75822 919988
73984 888220
77020 968036
83407 1126721
66681 729941
70467 798177
83375 1126849
73444 881092
65888 712424
67070 733852
65420 702448
57675 545577
67502 740780
80511 1042489
55522 510728
71555 832341
79009 1010565
73907 880521
55276 508208
79575 1029353
64876 694076
65506 702696
78103 998829
71843 837893
61733 624481
73387 871145
69605 805037
55506 510636
78142 984296
71151 828997
84565 1145789
85536 1174896
85108 1168368
72616 860812
55508 510740
77002 945520
75502 943788
89828 1298680
82027 1101133
66635 729533
68236 753664
84660 1161584
84354 1158716
71931 839409
72372 857832
77590 976780
61753 624673
79169 1014345
67406 741688
61357 618601
82027 1101105
71919 839353
77538 975544
79991 1034481
90881 1333761
68359 759209
71387 829945
89964 1300084
77548 976408
85888 1192220
85128 1168496
71567 832413
72414 858148
86086 1194664
73930 887828
70349 814065
82959 1115353
71379 829857
78430 989424
61613 620477
79935 1034049
69427 780989
86466 1200284
82337 1077801
71931 839441
70357 814121
72694 863296
70423 797709
61075 613529
75838 924800
68226 753604
67548 743016
61061 613481
84985 1152825
68403 759589
60053 594149
72284 856852
78106 981968
65582 704036
67630 742220
73869 880937
67474 742296
85092 1168188
71411 830269
73899 880889
78334 987476
72271 849085
68399 759557
74870 902200
80408 1035120
77590 976636
67848 747288
92253 1368521
86056 1194352
66172 715292
81933 1100269
77730 977480
76914 944576
92615 1373021
96283 1483985
73857 880837
79171 1014545
66772 730732
66266 716600
68407 759613
82359 1082701
66108 714748
73351 870881
84648 1161524
85040 1167684
81921 1099981
62080 630384
67602 742052
77552 975476
78973 1010101
69403 781157
78288 987140
72658 861148
76644 958068
89478 1287520
85464 1173960
71401 830113
88900 1253880
60577 601081
78961 1009457
92607 1373121
60101 594569
73271 870297
89884 1299824
80404 1034664
73893 882413
68346 754968
73038 867880
69555 782729
83529 1128245
67978 748712
61665 623481
89862 1299540
78785 1007421
68272 754336
62045 628057
76906 961312
84145 1138497
88902 1253824
71409 830249
84041 1136449
84067 1137921
62067 628313
90809 1333085
68403 759573
65996 713652
88488 1270672
73975 883281
96359 1484677
84065 1137709
91629 1344777
61067 613465
63232 652788
72446 858392
61093 613717
86915 1201573
85670 1178980
81841 1099305
88858 1248744
74157 883793
89508 1287756
65006 695372
69691 784909
102824 1682996
88586 1271716
90060 1301672
71379 830021
73185 868965
89934 1300156
79658 1020952
68318 754772
61745 624517
72465 851497
90598 1312412
79910 1024140
84779 1149761
75882 920540
95453 1438209
76196 930392
77944 979368
85344 1171548
79652 1021160
85726 1179232
67450 742188
88346 1269148
62040 629944
91531 1343781
68294 754508
74964 902976
88412 1269708
74966 902984
78542 989704
71971 839801
74855 897837
68330 754860
68565 760313
72705 854573
88460 1270244
69785 785781
89926 1300116
91207 1337377
80364 1033732
84075 1137041
67908 747832
84653 1146689
68272 754404
84871 1150537
73953 881573
72842 864696
72393 850437
76660 958164
73955 883281
90626 1311708
67602 741968
74908 902428
96419 1486001
77630 976508
71415 830405
68411 759625
76096 928276
70495 798397
84612 1161240
78971 1009525
88564 1271576
85132 1168524
84057 1136849
79949 1034013
97133 1500029
67456 742148
68246 754304
82381 1078189
78763 1007393
75838 925408
92007 1351333
82061 1101349
65712 705424
91332 1325844
66036 714096
78867 1008093
90536 1310552
96439 1486133
84821 1150081
86130 1195040
74387 889417
67530 742900
98676 1558368
95045 1454197
73850 886792
79250 1006456
102812 1682920
68250 754112
80385 1040897
94917 1452605
80512 1037740
61751 624253
62084 630392
72555 852377
84029 1136633
71975 839825
72603 853105
78529 1003269
83999 1136169
72141 841757
73148 869040
82323 1083061
76112 950424
88400 1269544
70327 813897
91024 1320540
82381 1078189
78068 982788
72445 850749
79143 1012377
93432 1381612
74853 897653
86827 1200073
83555 1106053
86944 1208224
94967 1453069
84107 1137701
78546 989724
55552 511044
62914 644656
57661 545485
72573 852577
79148 1004804
79898 1024076
97497 1508453
71595 833941
83423 1104649
74141 883597
90648 1312352
101468 1648956
67638 742396
90660 1312444
84493 1141757
84663 1144729
91184 1322292
74155 883781
75944 926424
80403 1041017
75872 920492
79230 1006176
90875 1333717
81971 1100641
90847 1333513
88582 1271724
80447 1041973
86961 1202021
98764 1559176
85728 1179436
104022 1709788
82293 1082073
91207 1337377
82659 1109113
81421 1058457
73253 870157
72509 851797
91410 1326720
81402 1054048
57685 545641
72654 861128
96401 1485685
72547 852397
67616 742100
73923 882769
82657 1109125
96003 1472817
76866 960940
72535 852085
102956 1685024
97717 1511017
82727 1089109
85292 1171276
68292 754504
80455 1042041
86163 1186649
74061 882341
99965 1574825
79243 1015189
105233 1762269
61607 622749
85707 1169657
89914 1300016
74885 898057
68042 751384
88474 1270580
84043 1137433
78974 1002652
68292 754484
86963 1202473
86998 1209372
76910 961364
74829 897497
72265 843377
74767 896877
74827 897489
90556 1310716
79591 1020489
90582 1311288
83193 1117861
73989 883537
88798 1252764
80462 1037064
85517 1167069
89750 1290796
68312 754736
67452 740176
91591 1344273
72844 864708
90556 1311020
109357 1895025
89208 1280924
73225 869869
77746 977556
95399 1432917
69529 782505
75122 903992
69421 776693
102550 1671320
80487 1042237
79708 1022252
79090 1003692
94881 1452229
73120 868564
67900 747780
79734 1021836
90859 1333597
89208 1280960
65720 705456
84129 1138333
76598 957652
86141 1186085
79591 1020485
77964 979612
85568 1175140
86205 1186985
78808 1000068
94967 1453069
96443 1486149
92223 1356849
97382 1521608
86548 1201012
78736 999356
78026 982464
92571 1372641
61451 619529
97127 1498929
71733 834957
84039 1136637
83553 1106041
77876 978896
90556 1310900
67410 739752
84177 1138241
92067 1352353
76982 945112
95321 1436645
89920 1300080
89972 1277996
78921 1009085
80456 1035236
79098 1004008
72758 864016
79806 1023192
101450 1648744
97400 1521736
76138 950648
91837 1348333
78488 989852
85707 1169657
90594 1312032
82669 1109197
78046 982616
92285 1357241
92690 1365320
97414 1521912
68188 753056
83121 1117137
87002 1209404
61789 624573
91362 1326160
80422 1035208
80365 1040677
79004 1002196
83041 1116077
85367 1164241
96463 1486345
77966 979616
85006 1167200
84601 1145245
92626 1364340
85273 1163237
84981 1152797
88858 1254112
84859 1150377
90516 1310428
73955 881029
77962 979728
90518 1311436
75934 926340
90614 1311512
83553 1128437
69783 785769
67548 743016
97386 1521660
79224 1006272
68254 753820
80510 1037728
74715 895757
103016 1685800
83459 1104881
74369 889249
90620 1312584
83411 1121133
90558 1311080
99154 1564832
84971 1152737
84519 1142077
55532 510872
83557 1106061
89514 1287808
74529 891169
73979 881401
67906 747804
80343 1040397
76980 945104
90654 1312408
80900 1044368
73943 883025
61851 625409
84053 1137641
91386 1326400
79549 1020133
92643 1373385
97354 1521180
72279 843453
77902 978876
97296 1520716
84983 1152805
85722 1179216
74777 896569
57643 545333
92405 1370261
99106 1564184
83549 1128405
62087 628473
97027 1498693
88364 1269300
96373 1485493
91561 1343753
74549 893585
84435 1141205
85293 1163377
98812 1559584
85265 1163117
86550 1201020
80383 1040821
74803 897345
88468 1270708
84662 1161592
69653 784237
92445 1370545
98386 1538516
64234 667484
73901 880609
73120 868564
102910 1684676
94915 1452545
105167 1761673
97440 1522080
88816 1252960
72123 841645
95023 1454181
69423 776261
89578 1288584
68631 761065
80400 1035028
107987 1858009
91463 1342777
95023 1454029
97930 1531508
97103 1498493
95375 1437149
84407 1141045
68248 754192
101578 1650612
89670 1289892
89954 1300024
85801 1171469
80516 1035772
91196 1322468
115910 2120264
91328 1325820
74009 881629
90630 1312244
86245 1188085
91979 1351065
91665 1345133
78468 989664
109575 1898389
79026 1003068
105215 1762165
91137 1336829
81467 1058801
92066 1344616
76076 928056
64208 667296
71997 839241
84075 1137829
97416 1521864
90594 1312196
91219 1337461
90616 1312416
82481 1084701
79199 1014885
85418 1172340
92023 1351445
105221 1762201
97055 1498917
61459 619585
90958 1316376
61749 624241
90504 1310316
103652 1699208
80684 1038352
82397 1083641
79244 1006404
71563 831933
78452 989580
86462 1200072
77904 978912
74964 902976
87959 1223401
98064 1533212
82503 1084869
85530 1174024
95001 1453629
68578 758536
80382 1034860
74457 890129
91852 1340520
91589 1344265
68208 753292
85526 1174576
99114 1564212
78961 1009449
73969 881129
74055 882305
99175 1556097
79090 1003944
84620 1161316
90112 1279712
90604 1312232
83467 1121733
89482 1287576
97513 1504833
86247 1188101
86550 1201020
66574 720536
85263 1163185
88472 1270344
90608 1312304
79086 1003676
99165 1556033
80386 1034940
85761 1170913
88580 1271692
68164 752512
78114 982008
83579 1128633
86923 1202077
92788 1367052
85047 1153385
76118 929084
77954 979536
79285 1015869
98625 1535305
104615 1735849
98950 1561540
104465 1733729
67606 742088
90076 1301784
86092 1194716
90614 1312548
89912 1300020
91203 1337361
86092 1185712
86363 1189353
91522 1329196
95767 1465897
84699 1147129
67612 742116
85645 1168405
86084 1185600
66346 717568
67676 743048
79162 1004868
85363 1164225
68196 753168
82635 1086765
90600 1312068
91336 1325868
80482 1037396
91796 1340000
102998 1685568
74763 896249
82587 1087057
78527 1003261
91663 1345125
61739 624169
92219 1356825
77522 973584
81330 1052656
84145 1138357
86915 1202105
76338 931876
91163 1336977
97887 1515049
79094 1003984
93009 1379481
80470 1037104
97061 1497929
87040 1209880
79171 1012585
96023 1472989
76232 930728
74881 898029
78822 994456
65702 705356
95021 1454177
86482 1200396
78810 1000052
104485 1733909
106506 1781176
78552 989776
78915 1009017
92760 1365932
68314 754736
89088 1258292
81082 1046748
86213 1186809
77964 979740
78928 1001660
72273 843417
93298 1379552
78370 987880
79253 1015213
64028 664944
91561 1343753
99144 1564764
105213 1762153
76244 930812
111006 1949084
99343 1559169
74769 897149
72269 843397
84417 1141093
104446 1717380
88454 1270180
82501 1084861
67068 733836
64192 667128
74793 897161
79589 1020469
74553 893701
96229 1475789
76182 929884
78950 1001772
74061 882341
92294 1348772
101862 1633728
64202 667176
74057 882325
101472 1648976
71449 830625
95347 1436865
78841 1007969
84593 1145173
97217 1500313
82629 1086737
93025 1379773
85560 1175096
74741 896265
68573 760393
90628 1312508
93011 1379689
86872 1207344
85641 1168637
77668 977520
84899 1150989
97051 1497865
72424 858212
80416 1036468
101952 1630248
71407 830189
95447 1438069
82483 1084717
81268 1052072
79750 1022756
74767 896265
66362 717780
91814 1340232
102802 1682760
103839 1721781
78680 992440
74857 897825
75119 902157
85722 1179212
80434 1034772
101424 1648448
79285 1015873
96523 1486569
80922 1044512
80468 1037248
85515 1167057
86150 1186228
66384 717948
102922 1684728
97061 1497873
85318 1171460
72115 841549
97408 1521816
110581 1924389
82427 1078777
89262 1260952
84513 1142001
85529 1167141
87445 1212649
102572 1671540
101952 1630244
81252 1051604
74956 902908
70357 814097
105661 1768909
79142 1004752
81410 1054060
93583 1390433
78841 1007969
74954 902900
68631 761061
74803 896837
95403 1432917
98500 1541300
110581 1924389
85645 1168661
84173 1138229
86973 1202065
91814 1340224
99851 1572677
62043 628017
91296 1325612
85707 1169657
86957 1202377
97067 1497973
111672 1978132
103821 1721621
67510 742724
82061 1101349
78963 1009485
92115 1352753
90976 1316484
105295 1763045
77952 979480
78950 1001772
84985 1152865
109333 1894689
90582 1312112
70365 814173
85826 1180880
62059 628181
72875 856605
74803 897345
81102 1049208
67992 748812
98144 1533984
85509 1166229
88304 1268708
64176 667012
80928 1044668
85690 1177140
85740 1179744
97422 1521960
113049 2000649
79104 1003988
94995 1453521
85783 1171277
81066 1048944
79695 1021833
92295 1357761
85659 1168733
88422 1270152
95417 1433017
79591 1020485
84433 1141197
95015 1454121
77052 945936
102894 1683800
94002 1394088
79090 1003844
106524 1781312
81326 1052968
105695 1769573
88578 1271692
97577 1509117
96037 1473081
105902 1764412
95611 1442737
87637 1215449
75102 903832
103680 1699708
93409 1387433
90964 1316408
85693 1169553
99185 1556149
84699 1147129
72921 857061
98623 1535297
84067 1135089
82719 1088677
117549 2177561
88386 1269464
112254 1987520
86241 1188033
73949 881557
87601 1217477
93019 1379737
94799 1451377
89040 1256232
97023 1497617
85531 1167149
85787 1171185
103849 1721837
67994 748824
80541 1042737
81417 1058441
64244 667568
90674 1313020
74789 896665
77958 979512
74783 896605
68158 752476
89934 1300156
73991 883497
80535 1042709
97921 1515441
95355 1436909
98672 1543532
92800 1367120
83203 1117913
62112 630576
85460 1173324
78824 994464
98780 1547844
80474 1037260
79414 1008796
63500 655904
78470 989664
81427 1058489
92617 1373217
74861 897857
77550 973784
78800 999960
91120 1321456
103562 1698116
72895 856921
91561 1343753
75958 921964
84893 1150701
71425 830365
89278 1260672
79027 1010801
92651 1373457
91108 1321400
81414 1054088
75864 920444
109573 1898381
81523 1059461
88896 1249032
95007 1454077
101560 1650616
102930 1684788
85363 1164201
103903 1722401
93468 1382464
87972 1227816
103608 1698552
95803 1445925
79010 1002900
71431 830401
74011 883597
72846 864716
72941 857265
74841 897573
68618 758856
62055 628245
73238 869852
91561 1343753
73949 882973
97879 1515001
68421 759681
86953 1203701
73299 870529
71549 832317
85657 1168761
101994 1635436
110121 1911797
110115 1911773
103965 1723253
96525 1464469
78652 992188
101902 1634100
104446 1717380
86283 1188649
80424 1035216
85754 1179820
103973 1723297
60551 600913
85337 1163973
95131 1455373
97111 1498673
73122 868576
81352 1053304
94949 1453329
73621 874509
84095 1137169
87000 1209400
71965 839757
86920 1207976
98554 1541832
89188 1258552
80414 1035100
99948 1580644
74733 895989
92772 1365792
90964 1316408
79828 1023448
75972 922060
98072 1533284
104252 1712864
105037 1744701
76906 961304
97919 1515557
84439 1141065
78312 986316
72407 850485
97133 1499793
68584 758524
62053 628225
79448 1009240
95029 1453837
84097 1138013
67626 742156
103600 1698460
76914 961384
97145 1499877
74831 897505
72889 856697
75110 903968
84509 1141933
71605 834005
89124 1258664
79999 1034517
94849 1451797
79211 1012985
98829 1539753
85661 1168745
84197 1139189
81659 1060697
84505 1141953
89518 1287828
103612 1699576
89748 1290788
96467 1486365
91890 1341176
86884 1207688
102950 1684980
97161 1500129
68000 748940
84427 1141013
97063 1497881
70347 814069
80430 1034584
62045 628093
78488 989852
85650 1178556
85696 1177184
119598 2233256
68596 758696
91639 1344841
102166 1640500
103923 1722837
85771 1171205
101524 1649552
85078 1166836
97412 1521848
78066 982780
87027 1204593
79263 1015277
92371 1359013
96059 1473281
68242 753700
110121 1911797
118191 2207749
88860 1254136
92991 1379329
96131 1474273
81090 1049236
67650 742452
105501 1765953
79106 1004048
114526 2080396
91452 1327312
84501 1141805
72821 855673
99817 1572413
81442 1054376
93459 1388253
75190 904880
98954 1561572
85017 1153065
79695 1021817
99562 1572228
81674 1058936
74077 884449
92712 1365480
81012 1045580
97091 1498549
104941 1741829
90614 1312552
74956 902904
126153 2478993
87827 1221165
90558 1310724
95355 1437013
74049 884161
71965 839765
98924 1550284
80610 1036952
104625 1735949
84889 1150681
85744 1179760
70493 798385
94531 1410317
92591 1372873
80446 1036720
73963 881101
93031 1379865
97063 1497953
85011 1153041
94154 1399208
81278 1052132
79010 1002908
98120 1533432
85357 1164109
61743 624213
66610 720804
99157 1555937
108545 1845929
80550 1038036
71435 830385
78960 1001820
89958 1294448
86453 1190409
103608 1699560
97432 1522024
78152 983680
106354 1778456
98958 1561592
81513 1059365
99562 1572020
68288 754484
71567 832413
67078 733908
91076 1317664
55508 510688
87013 1204633
80394 1034964
84571 1144993
76236 930776
94903 1452473
105113 1745497
105059 1744857
105376 1743912
85773 1171213
72255 843289
92009 1350757
92248 1347480
86937 1202221
73963 883049
86886 1207504
92346 1349316
86457 1190429
99586 1572464
91222 1320612
79156 1004840
91818 1340256
91380 1326280
66394 717996
98807 1538533
78837 1007949
110482 1937240
100713 1594073
99345 1559177
64228 667448
96603 1488253
78524 990244
103937 1722953
78524 990276
82777 1089673
86303 1188777
91147 1336941
97089 1498365
92311 1357877
91058 1317492
81326 1052968
76906 961312
90962 1316396
95419 1438413
97684 1525600
80506 1037420
91120 1321460
85510 1173872
102148 1640340
90964 1316408
85575 1167625
64996 695292
104028 1709820
55556 511064
92279 1357205
87813 1221077
61067 613469
92281 1357217
90086 1301852
78292 984980
105714 1760876
97169 1500313
102964 1685328
88578 1271696
97185 1500313
97583 1509145
88216 1230564
84511 1141957
95021 1454173
95407 1438329
93427 1387901
99140 1564544
108421 1844009
97704 1525784
101358 1647532
97677 1510245
100140 1584148
96477 1486469
78830 1000184
78514 990192
104438 1717316
86267 1188225
101486 1649652
55558 511072
104445 1733645
86973 1202485
93522 1382508
85789 1171369
80432 1036600
96483 1486517
90624 1309772
103985 1723409
86361 1189493
74161 883837
87237 1206249
96037 1473033
87821 1221133
97412 1521844
104241 1727517
87801 1220601
69561 782789
107973 1857801
68644 759196
81282 1051960
80486 1037576
71565 831941
85798 1180212
90618 1309728
101524 1649552
102010 1635664
94352 1402720
82671 1109205
72269 843397
97519 1504869
66390 717972
87021 1204737
80608 1038816
99179 1556113
97187 1500053
80508 1037428
82693 1109461
103642 1699248
92155 1355993
96475 1486457
62045 628117
80409 1041049
105483 1754689
103596 1698428
78532 990324
71409 830229
76900 961292
71451 830633
92908 1368708
87033 1204765
96441 1486141
76084 928100
60297 597189
68298 754204
72943 857273
89330 1261756
79890 1024020
103959 1723157
109373 1895149
110797 1927849
78518 990220
80446 1034884
109449 1896129
98447 1531505
86957 1201773
101460 1648828
92299 1357785
103612 1699576
87063 1203285
92019 1350801
81645 1060485
91830 1340332
67088 728464
91142 1320852
98690 1546688
86931 1202117
93431 1387733
74789 897133
66656 721308
78148 983656
89250 1281396
61615 620489
73643 869181
74801 897125
80628 1039124
87889 1221873
110360 1935692
97360 1521220
103570 1698156
73647 869197
81290 1052004
71995 839225
110496 1937384
85559 1167429
97129 1499765
85694 1177188
76118 928460
87976 1227832
97853 1514753
112210 1986728
85483 1166057
100911 1597981
100907 1597965
90726 1313104
124728 2450540
90726 1313104
68608 758884
90998 1316500
105245 1750609
98624 1543036
80487 1042237
68595 760565
85306 1171376
103680 1700544
85627 1168433
74950 902872
85653 1168729
109503 1897401
85009 1153045
91566 1329588
110587 1924433
103957 1723085
81300 1052304
103584 1699296
103646 1699272
110563 1924285
89968 1277984
99317 1558001
83565 1128553
89334 1261776
80452 1036756
79106 1004048
110159 1912217
61753 624261
85569 1167485
90108 1279688
118761 2217669
77946 979380
86492 1200468
74765 896257
74847 897625
74803 897345
70575 799485
97221 1500829
93528 1382548
67618 742152
80412 1035088
84847 1150273
86197 1186957
68618 758856
87185 1206929
65628 704448
98016 1532232
76110 928380
90114 1279720
115098 2069544
116674 2138560
99239 1557201
93612 1383920
95683 1443469
81322 1053220
97722 1525860
78122 981616
116008 2121584
61833 625309
82517 1080437
90026 1295224
105794 1762216
106119 1777901
68631 761065
97404 1521748
103646 1699268
82677 1087877
87167 1204721
86250 1187764
89060 1256420
67588 741912
103851 1721845
111774 1979152
101560 1650188
68378 755492
84625 1145469
121071 2315913
88860 1254124
86201 1186977
104945 1741845
99162 1564940
80452 1034920
92253 1355133
95681 1443461
92754 1365900
79808 1023204
73099 860049
83459 1121637
94360 1403204
79436 1008952
92064 1344596
60577 601081
80502 1037400
85844 1180996
91258 1323084
92193 1356321
85025 1153141
87485 1213073
93439 1387993
106507 1787097
88986 1250188
98870 1549056
82799 1089837
109513 1897485
97115 1498745
73213 861169
97416 1521864
80508 1036012
101454 1648796
92197 1356641
92322 1349264
93439 1387993
79693 1021817
88488 1270676
80412 1035092
78064 982768
96033 1473053
86548 1201012
81515 1059377
81665 1060725
92128 1345308
68016 749052
86961 1202465
108083 1859157
90598 1312056
86217 1186825
87649 1217973
93562 1385200
96625 1488445
103624 1698952
99821 1572481
84495 1141773
78942 1001728
73238 869852
115866 2119740
60101 594577
76880 961080
87014 1209508
91205 1337369
85400 1172208
109467 1897045
89286 1261120
74453 890109
82737 1088785
91122 1320656
108115 1860277
74005 881605
98538 1541580
103951 1723021
99568 1572056
97845 1514713
85359 1164117
98610 1542960
95415 1438393
87837 1221065
62109 628697
112271 1978853
85195 1155961
85783 1171277
95123 1455261
74129 883529
92385 1359089
118227 2208017
97843 1514685
100018 1581728
91845 1348385
85647 1168701
85567 1167553
77126 947152
95033 1454085
92342 1349476
105107 1745461
105053 1744833
85499 1166161
87006 1209424
106119 1777901
85509 1166229
75956 926496
112351 1980353
110167 1913333
98710 1546844
98624 1543036
85580 1175388
110171 1913357
95459 1438237
91536 1329296
86307 1188805
102978 1685396
87037 1204901
75149 902421
101504 1649768
82371 1083453
97698 1525756
85515 1166277
101560 1650616
81410 1054088
76642 958068
77746 977556
85802 1180232
115928 2120436
109441 1896073
75188 904876
91552 1329548
72445 850749
127620 2564556
67622 742136
109367 1895085
101960 1635672
88480 1270612
117354 2155992
91971 1349709
93474 1382440
98700 1546764
81412 1054104
102836 1683076
89356 1261984
97181 1500013
69473 777041
85844 1181000
103612 1699576
81669 1060745
103000 1685580
86994 1209356
86367 1189377
104477 1733865
105734 1761008
85582 1175392
85332 1171472
89146 1258788
110123 1911825
76856 960940
96477 1486469
86967 1202493
93549 1389881
90084 1301904
114674 2083064
81292 1052252
101900 1634200
122407 2357929
85834 1180948
72662 861164
84855 1149381
79776 1022992
96483 1486517
99265 1557437
93494 1384060
81312 1053172
98079 1518789
87004 1209452
86005 1174685
74966 902984
87965 1223417
68240 753692
85365 1164233
95367 1437117
90964 1316292
78948 1001764
104404 1716960
76158 950772
72432 858272
101904 1634108
86999 1202297
85508 1173888
91881 1348645
96645 1488581
94981 1453553
74007 883561
109371 1895101
83143 1117321
123913 2397257
84103 1138041
103744 1701240
103971 1723289
103022 1685828
99544 1571832
110998 1949056
96137 1474297
79068 1003372
96461 1486341
109489 1897205
105257 1750713
72951 857333
101440 1648548
81521 1059453
91400 1325568
87003 1202325
79650 1012768
88926 1254736
108691 1851077
87187 1206937
105651 1768869
103180 1688236
109379 1895185
68288 754148
74059 884245
82897 1091109
105691 1769337
94921 1452577
96523 1464461
78885 1008201
98331 1530009
95111 1455193
98744 1547232
85707 1169657
78108 981972
91454 1327324
109465 1897037
110520 1937720
110577 1924385
77948 979480
101544 1650000
79677 1021353
78917 1009033
74005 881605
77746 977556
80464 1034884
87657 1217953
75190 904884
110396 1936008
92299 1357781
111816 1967784
74175 883889
100105 1578785
98400 1538616
86007 1174693
74053 882289
62061 628289
92076 1344660
134173 2826325
85828 1180900
86295 1188837
82531 1080561
85310 1171212
103184 1688252
68308 754716
82531 1080561
85365 1164233
85099 1153337
97179 1500009
105720 1760900
119606 2233296
94859 1451853
95031 1454081
67078 733908
104609 1735817
84145 1138501
89662 1289804
68618 758856
86209 1178625
104404 1716960
92375 1359057
83685 1107961
91851 1348481
108457 1844549
76900 961292
91896 1341204
110211 1913069
89678 1289928
94146 1399164
105876 1763192
111768 1979124
85091 1153945
81306 1052844
95409 1438349
105057 1744849
88486 1270664
109473 1897085
90556 1310716
98748 1547244
74956 902928
76888 961104
81396 1053796
76164 950804
103690 1700844
92065 1351453
101556 1650168
62051 628157
105697 1769581
90984 1316388
91456 1327336
97523 1504893
87971 1223485
83571 1128593
83459 1121649
84658 1161576
97283 1501105
74931 898777
97131 1498957
81419 1058449
98744 1547500
97422 1521992
74559 891497
80502 1035428
67624 742148
92613 1373013
85653 1168745
86248 1187744
86942 1208144
85507 1166217
92281 1357217
85522 1173968
103156 1687984
105311 1763185
61747 624233
121653 2306281
75154 904312
74465 890197
85363 1164221
62073 628373
104072 1706416
71435 830385
70767 802269
108025 1858441
73619 874481
85697 1169577
86890 1207568
104464 1717872
94903 1452389
94967 1453469
86449 1190357
85987 1174333
82753 1089333
101686 1652176
85730 1177484
90594 1311256
68637 761085
103082 1664068
111168 1951608
108025 1858441
85080 1166848
72842 864696
74145 883637
74583 893913
106493 1786985
124746 2450672
107466 1806336
87817 1221101
95413 1438365
93557 1389989
112246 1987256
86923 1201017
91532 1329324
82639 1086945
93549 1389885
90114 1302196
76652 958112
92324 1349276
87009 1204641
85483 1166053
62110 630568
111830 1980040
98449 1531513
86293 1188705
68300 754248
80682 1038316
111019 1933337
103572 1699216
97181 1499501
75165 902649
73637 874621
111578 1961228
81414 1054104
80594 1038728
76058 927904
101868 1633772
87827 1221165
109391 1895289
97679 1510257
84287 1139489
73627 874529
110994 1949044
79991 1034469
140730 3101220
118229 2208025
101306 1647192
96127 1474245
79776 1022836
121085 2316005
81344 1053260
74807 897245
73955 881589
89600 1288716
97400 1521736
103620 1698628
76892 961124
118381 2210213
74827 897489
81322 1052332
101556 1650172
107843 1856237
62065 628253
91653 1345065
72905 856817
82793 1089797
81724 1059536
74954 902896
88200 1230316
97749 1511389
116132 2124084
94905 1452397
131273 2706469
74931 898781
85312 1171420
95413 1438373
110994 1949032
84499 1141893
72261 843317
106662 1785544
80606 1036920
108245 1862105
74031 883793
118803 2218297
89958 1300036
98355 1530149
79152 1004816
110167 1912325
67620 742132
106374 1778596
103012 1685784
111017 1933333
85563 1167453
92754 1365900
118127 2190889
80460 1034968
92204 1346544
97187 1500053
92846 1367944
101468 1648948
84507 1141933
74235 884957
65626 704432
71429 830353
81398 1053804
125318 2461740
118231 2208033
86144 1186184
85804 1180244
72551 852181
89980 1278044
74459 890137
74935 898797
108045 1859181
101584 1650672
83419 1121205
91526 1329220
101926 1634408
106368 1778564
104474 1717932
85111 1153437
103770 1701760
99237 1557185
103622 1698644
114584 2081048
81346 1052792
103734 1700904
96517 1480921
115926 2120376
93443 1387873
77968 979604
125320 2461748
93427 1387629
78828 994500
67602 742020
110518 1937632
97157 1500165
91639 1343565
84503 1141905
96505 1486453
99532 1571752
99403 1560185
94396 1403296
80172 1028248
102548 1671312
62115 628733
100043 1577565
78962 1001840
79450 1009252
80424 1035216
83399 1121133
111022 1949208
79313 1016069
77968 979624
97083 1498109
78919 1009065
99983 1574997
103576 1699252
74030 888620
93566 1385208
109105 1882957
97107 1498705
90976 1316372
92065 1351429
79055 1010957
98090 1533400
101416 1648120
92042 1343580
103716 1700988
108039 1859153
91748 1332876
103855 1721865
97153 1499001
78674 992400
91050 1317292
85730 1179444
117547 2177545
103662 1699460
110476 1937216
88912 1254640
86942 1208216
115938 2120500
74143 883629
105788 1762176
97113 1498737
124746 2450668
70759 802233
68304 754564
94905 1452397
97665 1510165
74147 883701
82751 1089321
98396 1538564
111860 1980316
95131 1455381
70783 802441
114526 2080280
84703 1146493
85487 1166073
91837 1348125
74747 895989
78977 1009601
87839 1221073
98186 1534584
83201 1117909
80702 1038472
109109 1882977
118417 2210585
97951 1514889
99568 1572056
84501 1141901
80456 1034948
74713 895329
73133 860241
105696 1760672
90114 1279724
74797 897313
66687 729969
101926 1634408
92858 1367920
66394 718000
81012 1045572
108511 1840705
79217 1013021
75122 903992
93496 1382652
102682 1673040
108725 1851389
70563 799405
98368 1538164
104038 1709896
80704 1038484
77550 973784
80176 1028292
68635 761069
76204 930048
92356 1349608
91637 1343549
104625 1735953
102690 1673092
111722 1978548
95031 1453845
105665 1768953
104745 1737513
83437 1121389
91867 1348581
92623 1364193
110597 1924529
91754 1332908
109521 1897805
101404 1648036
117356 2156000
85699 1169585
98222 1535008
84105 1137113
105380 1743916
93478 1382464
92139 1353105
92758 1365928
74555 891481
110123 1912869
105902 1764412
111180 1951736
82663 1109149
90660 1312796
85476 1173452
101952 1630216
112343 1980293
85466 1173360
84621 1145445
99170 1555924
86924 1207964
80680 1038300
75186 904864
68594 758708
68421 759681
98712 1546852
92202 1346500
97157 1500029
114402 2078480
74841 897253
87807 1220649
92836 1367740
104508 1717340
93595 1390497
77966 979560
112247 1978577
80506 1036004
104882 1733188
94044 1394600
92216 1346600
92643 1373385
98744 1547532
79020 1002968
92756 1365908
92912 1368732
131285 2706545
92832 1367716
87621 1217617
93998 1394068
68334 754900
68392 755532
87849 1221937
103642 1698832
89966 1300092
80477 1042161
82685 1109421
78841 1007969
78921 1009081
98117 1519233
109465 1897037
93559 1389957
99976 1581248
117112 2151920
90010 1278316
85009 1153033
102588 1671656
94895 1452325
97533 1504873
82667 1109189
103690 1700648
122425 2358029
110321 1915813
96527 1464477
98899 1540709
104927 1741457
87569 1214153
80522 1035584
98622 1542108
103981 1723361
98928 1550304
76344 931908
78008 980080
100037 1575977
90124 1302240
84579 1145037
93439 1387993
103608 1698516
104263 1727749
103618 1698616
92061 1351429
87485 1213073
101470 1648916
114402 2078480
107963 1857401
94368 1403252
110579 1924377
103578 1699256
68596 758728
86955 1202369
103977 1723377
92772 1365792
101552 1650060
84453 1141197
105721 1760781
86455 1190421
97957 1514917
74027 883773
87241 1206237
103036 1685980
92042 1343580
68174 750276
99148 1564604
117350 2155972
95677 1443441
105730 1760984
90732 1313988
86939 1202237
112200 1986680
98371 1530409
76162 950796
111931 1961205
114596 2081780
89308 1261372
93494 1382656
90558 1310724
110165 1912317
103674 1699532
98807 1538533
109711 1900837
73240 869860
83199 1117901
116028 2122568
74169 883861
92844 1367932
110167 1913333
102612 1671928
111854 1980192
79092 1003704
97681 1509457
103620 1698552
110237 1914453
90090 1301964
70499 798417
103686 1700828
103716 1700900
72007 839289
97185 1500041
93496 1382112
95009 1453629
114390 2078424
124786 2451028
112252 1987512
74813 897313
78164 983772
105796 1762228
99271 1557461
103740 1700420
80702 1038472
100016 1581720
74151 883725
104306 1713436
97155 1499801
82515 1084965
110460 1936756
70735 801921
99459 1561049
68310 754728
85722 1179408
70751 802069
116905 2162897
86331 1188929
110587 1924477
78522 990244
87621 1217617
85510 1173888
96637 1488633
104703 1736829
84097 1137177
92540 1352836
103082 1664064
111612 1961496
104573 1734813
110121 1911797
68602 758836
91054 1317432
75141 902241
77340 950556
81314 1052904
90966 1316424
79776 1022836
80718 1038708
128962 2609280
90704 1313348
89958 1294488
112291 1979025
105513 1766045
113040 2006448
104257 1727709
100699 1593985
102596 1671712
80514 1037748
75131 902165
89228 1281092
100047 1575625
73643 869177
94979 1453545
85645 1168405
68604 758740
80508 1036020
79595 1020505
105183 1746841
106658 1785516
91814 1340228
99391 1559953
95047 1454209
108407 1843937
74197 884229
98901 1540717
93474 1382492
68598 758680
97706 1525792
99574 1572312
87075 1203361
124102 2419180
70723 801857
78544 989716
84627 1145481
80514 1036056
76898 961264
96565 1464877
80568 1038168
78929 1009125
100085 1576153
79738 1021860
105251 1750669
78470 989708
85777 1171249
79108 1003832
85081 1153845
115916 2120296
93474 1381960
106366 1778612
103726 1701200
100705 1594013
78552 989764
68162 752504
97171 1497489
70369 814189
124682 2433680
79778 1022844
74089 884517
98774 1547800
97207 1500245
84225 1139405
96037 1473033
87487 1213081
103842 1702228
81681 1060793
110221 1913341
104907 1741337
74847 897281
77970 979772
92854 1367984
91886 1341144
95867 1446545
85844 1181000
82591 1086429
83681 1107945
116032 2122588
85400 1172208
110480 1937232
98188 1534616
117136 2152096
111031 1933429
108511 1840709
68602 758732
117553 2177589
80544 1038052
96525 1464469
90998 1316500
80608 1038816
117035 2164725
74783 896605
92186 1346244
82897 1091109
92239 1355025
93564 1385164
106079 1777305
80452 1036756
103634 1698792
97679 1509449
112630 1995984
103776 1701304
89514 1287808
80502 1037468
96629 1488549
70729 801889
110131 1912941
79654 1012788
61753 624261
116676 2139644
112278 1978772
110376 1935804
86209 1187013
87008 1209476
103945 1722989
81114 1047148
78950 1001772
96511 1480893
120949 2313761
79830 1023396
81434 1054320
85842 1180992
105714 1760800
88522 1271104
101518 1649916
90654 1312756
92118 1345120
109241 1884961
97283 1501961
105181 1745909
101688 1652192
82755 1089341
81368 1053480
85870 1181244
92842 1367912
76924 961460
102358 1644072
74877 897965
104739 1737513
97519 1504881
99998 1581300
80584 1038376
82379 1078181
96205 1475593
97141 1499881
92890 1368148
91849 1348409
123464 2403264
85426 1172384
102580 1671584
87046 1209768
81386 1053700
75147 902425
83205 1117941
103973 1723297
79403 1016953
92114 1345172
74403 889521
67650 742452
108021 1858413
92180 1346216
89982 1278052
97137 1498989
87014 1209508
105796 1762216
98142 1533972
89956 1294480
104884 1733200
87986 1227900
99150 1564612
111160 1951556
97519 1504757
110577 1924369
87899 1222485
97149 1499757
77974 979792
84662 1161592
75190 904884
90112 1302100
92355 1358357
87873 1222089
97613 1506097
72185 842253
75980 922092
89198 1258780
92840 1367764
98109 1519201
110392 1935988
110291 1914921
76906 961320
101446 1648624
91754 1332908
103969 1723217
98176 1534512
97153 1499001
106527 1787717
82745 1089273
97583 1509145
89144 1258140
77936 979328
89242 1281340
80202 1023024
81680 1058928
126165 2479065
85318 1171460
70751 802069
110211 1913069
124976 2453976
103684 1700812
85501 1166169
108035 1859133
90726 1313096
87477 1212897
72595 852725
82431 1078793
124100 2419180
87010 1209488
93490 1382620
116058 2122944
98838 1548320
81414 1054088
65010 695388
87001 1204149
114400 2078472
97961 1516053
74549 891345
104699 1736805
98074 1533316
74805 897237
79797 1022885
101566 1650660
123671 2392701
85485 1166065
99150 1564612
86936 1208180
92058 1343716
87635 1217905
124686 2433700
97183 1497577
86938 1208188
95635 1442957
103672 1699520
93520 1382948
117576 2161924
131305 2706721
92083 1352177
84567 1144957
88528 1271132
112895 1997625
97173 1499297
102596 1671712
99996 1581420
103694 1700696
109109 1882977
78828 994492
110811 1927925
64214 667336
77966 979628
95455 1438221
103158 1687996
110536 1937888
80589 1043237
108519 1846149
93563 1390033
103764 1701208
110285 1915209
105235 1750529
83465 1121681
101588 1650452
81348 1052800
110235 1913609
81362 1053508
104400 1716944
104959 1741973
125362 2462460
110516 1937556
87845 1221361
87127 1205861
95459 1438957
87021 1204545
87978 1227844
111000 1949076
90664 1311880
93474 1381960
75980 926368
96237 1475841
83579 1128633
97523 1504893
89518 1287828
62112 630576
80544 1038052
91544 1329352
98206 1534904
86494 1200476
91683 1345289
98877 1540449
80543 1042745
87867 1222061
87153 1206473
88528 1271132
86490 1200456
101480 1648976
116690 2139760
114960 2067280
74889 898109
98568 1541332
137832 2975572
78537 1003321
79213 1012997
97213 1500273
110959 1932301
83465 1121681
87881 1222421
84623 1145453
68606 758800
88476 1270364
103706 1700604
87065 1204989
106408 1778928
125320 2461748
66658 721328
66604 720760
100047 1575613
100045 1576141
82383 1083565
93744 1387856
86333 1188937
127630 2564612
98367 1530401
106606 1782276
74962 902968
81523 1059461
93482 1382496
105271 1750833
92072 1343856
114598 2081788
92040 1343568
110153 1912169
81461 1058773
100008 1581672
82757 1088981
82515 1080429
100018 1581728
118806 2209628
110153 1912181
97153 1499941
85320 1171468
101972 1635772
61747 624237
86965 1202485
96511 1486473
102684 1673048
86981 1202609
121519 2303757
68232 753624
123460 2403248
128962 2609280
85047 1153385
108247 1862125
93726 1385612
109355 1894897
84603 1145257
110496 1937384
110245 1914757
82421 1078721
111780 1979200
84845 1150265
123460 2403248
103716 1700992
80508 1037428
92391 1359165
81102 1049316
90756 1314140
103036 1685980
85965 1174141
85361 1164177
98930 1550312
85770 1177964
104725 1737369
116024 2122524
97917 1515425
94905 1452397
101560 1650188
77936 979328
92074 1344644
87971 1223485
93051 1380009
87969 1223465
99004 1561992
108011 1858253
87011 1204497
99996 1581420
91534 1329344
110239 1914461
62111 628705
110500 1937416
91635 1343541
98369 1530397
83451 1121589
103684 1699732
97718 1525840
77922 979060
101526 1649960
83539 1105621
99249 1557257
84847 1150273
87101 1205689
111770 1979128
91568 1329608
101580 1650776
103178 1688320
110518 1937632
91180 1321244
97285 1501113
97291 1502009
100122 1583716
104575 1734821
75161 902597
98208 1534912
72945 857289
72181 842221
77710 977856
103959 1723093
100171 1577701
91448 1327292
81016 1045600
95415 1438381
75155 902477
76104 928380
92447 1370553
86335 1189101
85530 1174596
80616 1038912
116917 2162961
86959 1202385
118281 2208549
82419 1078713
80586 1038384
118759 2217637
81270 1051304
89294 1260808
77112 947044
77984 979772
94406 1404184
117132 2152080
94180 1399416
98914 1549624
103690 1699776
79112 1004180
110265 1914573
97855 1514761
101554 1650068
78096 981924
74721 895385
89226 1281080
111774 1979172
109571 1898365
86333 1189093
86009 1174709
95047 1454209
130661 2673941
98396 1538356
87092 1210328
77318 950308
85069 1153761
104927 1741457
80536 1037932
111500 1958268
85493 1166129
77282 949860
94775 1413553
102234 1641344
95119 1455245
80636 1039160
72660 861156
85569 1167485
77964 979620
79679 1021361
90594 1311252
98568 1541332
75190 904884
97855 1514761
92798 1367064
87849 1221141
87233 1206193
97434 1522024
92119 1352773
88398 1269536
87993 1223745
103742 1700960
106380 1778680
76164 950804
82499 1084853
83065 1116261
89244 1281348
95761 1465861
74937 898805
89146 1258788
94216 1399824
103626 1698664
77542 973736
111935 1961221
85569 1167485
88940 1254880
112070 1983620
97695 1509657
94192 1399724
97701 1509693
89266 1260612
75161 902493
67500 740572
97913 1515385
92522 1352620
90008 1295040
111036 1949376
87026 1209616
109105 1882957
90704 1313204
124110 2419244
84469 1141389
80616 1036996
104767 1737885
75188 904868
92124 1345236
87976 1227836
68612 758888
112923 1997841
89296 1261276
85647 1168421
103032 1685956
93596 1385532
65624 704436
93792 1387216
82695 1109473
87053 1202953
95043 1454185
102168 1640508
104888 1733220
93493 1388601
111284 1953376
87991 1223737
130019 2656725
81362 1053432
86213 1178653
106602 1784208
66174 715300
92227 1356869
98120 1533432
74147 883645
85579 1167565
100106 1583528
78338 986516
93551 1389893
109107 1882965
83671 1107825
101966 1635716
91628 1330456
101460 1648828
78952 1001780
101662 1651936
97694 1525652
96671 1488973
81106 1049336
93597 1390509
80560 1036156
82531 1080561
87161 1204673
97279 1501077
104074 1706460
97195 1500137
97115 1498385
99150 1564612
71567 831957
105713 1769697
100027 1575957
108509 1840697
74970 903004
96517 1480921
97113 1498737
100751 1594665
85227 1156277
83469 1121741
87023 1204573
98798 1546060
85524 1174052
110518 1937632
84095 1137169
89148 1258160
82661 1087137
109509 1897437
67506 740608
80522 1037532
86542 1200972
99355 1559261
93559 1389957
67110 728572
101912 1634272
109641 1876789
92344 1349488
81490 1055200
92780 1366948
80960 1044876
110376 1935800
72447 850757
74067 884293
103690 1699776
93468 1382468
73331 870833
97061 1497873
74189 884037
77112 947036
98007 1516757
99399 1560157
113084 2007320
111004 1949092
95035 1453873
103836 1703056
95139 1455409
85707 1169657
70747 802053
91116 1320588
112273 1978861
87037 1204897
88492 1270692
97281 1501965
74032 888628
78524 990252
85533 1167157
108115 1860277
97755 1511417
98812 1559584
86983 1202621
119589 2239033
89966 1300092
109519 1897797
98111 1519209
94192 1399724
112287 1978993
94937 1452753
121085 2315889
112247 1978577
85071 1153769
110203 1913109
97667 1510173
81342 1052728
74779 896581
103748 1701052
97418 1521872
107865 1856361
94406 1404184
88237 1228837
85472 1173432
98369 1530389
81521 1059449
90630 1311728
91599 1344321
107857 1856317
87031 1205029
86923 1201017
95409 1438365
135519 2873753
85585 1167677
93580 1385168
87453 1212701
86735 1195201
81511 1059357
81360 1052992
92176 1346180
97213 1500273
87005 1202353
91056 1317444
100169 1577693
102316 1663920
104466 1717732
72007 839289
78814 994356
74795 896693
70367 814181
131239 2689593
84521 1142209
99339 1559065
81386 1053700
92212 1346608
99097 1544465
86490 1200460
88235 1228825
86293 1187877
60097 594545
87021 1204545
80728 1038756
126157 2479009
93010 1369864
95677 1443441
82515 1084965
92804 1367144
91028 1316884
110462 1936764
82641 1086817
119482 2230244
89978 1278036
101926 1634408
101966 1635732
101962 1630280
85969 1174161
87033 1204881
74797 896721
91914 1341424
100919 1598481
137798 2958628
78556 989792
84149 1138373
92088 1344756
93564 1385200
101564 1650640
110167 1912673
75165 902569
93447 1387897
110480 1937232
101508 1649784
93514 1382236
117727 2180501
92687 1373849
74931 898777
91924 1341520
107859 1856333
74033 883801
104922 1733676
88080 1229052
103840 1703084
111935 1961221
81010 1045564
110408 1936096
84655 1144673
110147 1912125
87083 1205489
97285 1501105
109569 1898357
84227 1139413
103939 1722921
99172 1564796
103738 1700924
100108 1583540
97531 1504833
85381 1158657
116794 2140636
110117 1911777
87889 1221873
104633 1736021
80714 1038656
89694 1290124
116722 2139544
81344 1053248
71601 833989
128212 2556144
106561 1788217
85096 1166952
105511 1766029
92756 1365908
103836 1702184
74889 898105
90976 1316484
89058 1256408
95139 1455409
90632 1312528
92842 1367788
68302 754556
99403 1560177
93468 1382468
81024 1045684
81406 1053876
101966 1635732
107258 1801940
115916 2120296
80700 1038520
74165 883873
105950 1765292
78828 994492
99345 1559177
116708 2139024
97515 1504741
108461 1844461
116270 2126816
109105 1882957
66664 721364
118419 2210593
100117 1578817
87039 1205081
103188 1688364
102186 1640748
108745 1851677
92067 1351441
96537 1464549
89974 1278012
93562 1382888
105709 1769681
91068 1317528
68306 754288
91048 1317292
87659 1218069
81681 1060793
99180 1555988
80706 1038552
110303 1915089
104250 1711584
67686 743096
102974 1685376
101972 1635756
80478 1037156
110494 1937376
103694 1699812
84101 1138037
87143 1206101
84523 1142109
86150 1186224
101438 1648540
104631 1736013
87175 1206701
112919 1997877
82721 1109677
87143 1206421
118802 2209608
111726 1978564
89956 1294480
92085 1352185
91752 1332900
121085 2316005
79213 1012993
104074 1706328
68290 754496
91637 1343549
81332 1052668
89146 1258788
101578 1650764
90010 1295048
104701 1736821
103686 1699756
81446 1054432
85713 1169701
83153 1117385
86508 1200468
87071 1205321
99162 1564916
89312 1261036
100142 1584156
84515 1142181
111804 1967696
91649 1344921
108453 1844525
98081 1518905
92303 1357805
103068 1680464
130019 2656725
78546 989724
95707 1443013
89186 1258544
97115 1498385
84107 1138061
74767 896265
86447 1190349
83457 1121641
89190 1258748
87045 1205105
120947 2313753
85487 1166073
86248 1187740
91010 1316652
84097 1137177
81290 1052004
95079 1454697
103688 1700600
104136 1710828
91582 1329740
76084 928104
85025 1153189
91054 1317320
106410 1778936
98530 1540208
96515 1480949
94396 1403296
94903 1452389
91538 1329308
93514 1382836
117717 2180425
105962 1765548
96249 1476053
95915 1447253
109523 1897813
80414 1035100
111782 1967492
116933 2163101
103957 1723085
123691 2392901
81352 1053448
81356 1052872
118755 2217621
118359 2197845
109737 1901233
93472 1382484
75157 902577
92019 1350813
97517 1504849
114416 2078600
100965 1599553
85521 1166321
98222 1535008
66648 721260
84519 1142209
98224 1535020
71547 831793
85671 1168961
103746 1700984
103124 1664564
86439 1190301
77306 950104
91658 1330092
98091 1518961
86973 1203909
103975 1723253
80614 1038900
110807 1926633
114412 2078568
104668 1721976
103084 1664076
102918 1683952
111933 1961201
87067 1205297
98574 1541388
73323 870797
97093 1498173
82423 1078729
68637 761085
79677 1021353
86148 1186216
117051 2164933
87869 1222345
95087 1454745
118488 2191608
91217 1337449
85476 1173460
97849 1514737
82713 1109629
105950 1765292
96567 1481613
85488 1173540
106672 1785592
92116 1345096
87025 1204733
79264 1006540
86211 1187021
92996 1369728
80464 1034884
101568 1650204
96435 1486113
87005 1202333
80536 1035908
110165 1912317
85665 1168933
101968 1635724
112070 1983608
88216 1230564
93568 1385068
99246 1565780
93592 1385504
110406 1936084
79311 1016053
102764 1674560
83061 1116241
91637 1343557
109171 1883709
97187 1499537
81362 1053508
81386 1053700
91122 1321468
100025 1575949
93592 1385504
111500 1958268
72953 857345
87980 1227856
105719 1769813
87031 1204757
93524 1384376
108029 1858413
74559 891497
85086 1166872
100027 1575961
103582 1698220
93796 1387280
79772 1014152
106370 1778624
77022 945648
72183 842241
104701 1736813
87457 1212717
105711 1769689
81132 1049580
93494 1382644
121517 2303749
81342 1053232
99329 1559005
93562 1385188
108063 1859333
94456 1404832
125359 2453761
104253 1727597
98934 1550364
123233 2379545
74165 883857
98687 1536121
99397 1560133
84521 1142097
90614 1312556
108917 1855345
95139 1455409
80180 1028308
88018 1228244
104890 1733228
79650 1012768
99980 1581088
72583 852657
109169 1883701
68306 754288
85783 1171277
111280 1953356
105509 1766017
74865 897457
87013 1202409
75133 902233
108459 1844557
112678 1996696
109735 1901225
105711 1769741
92760 1365936
85580 1175388
97169 1500325
83671 1107817
92649 1364445
108029 1858413
104082 1706404
92081 1351649
110253 1913757
106099 1777457
117122 2151968
84075 1135157
97171 1500329
89272 1281612
102014 1635688
87976 1227832
98085 1518829
106604 1782268
105269 1750821
98085 1518829
103730 1701228
104072 1706416
77984 979752
98566 1541904
105165 1746717
97694 1525652
77276 949832
117035 2164725
75154 904312
71451 830633
85422 1172368
84841 1150241
107256 1801932
85342 1171540
68010 748988
84289 1139497
92067 1351457
104408 1716992
91068 1317508
118137 2190941
79217 1013021
92279 1357401
111021 1933201
105824 1762524
106662 1785544
81427 1058489
86252 1187760
87659 1218069
74537 891225
115236 2074936
103754 1701084
101678 1652040
67502 740592
106018 1766524
92649 1364445
78100 981416
120969 2313941
112273 1978785
79428 1008884
83577 1128625
121791 2311945
68624 759020
97219 1500673
68628 759060
88850 1253208
110241 1914729
110179 1912437
110191 1912609
107981 1857845
93563 1390017
93443 1388013
97063 1497881
108221 1861817
68632 759076
100081 1577973
111481 1950077
88586 1271744
115916 2120296
86148 1186204
115992 2121472
104072 1706320
108095 1859601
87971 1223485
104926 1733676
87649 1217973
79399 1016929
97167 1500077
92081 1351649
121795 2311965
130669 2674021
97967 1516089
89978 1294600
73205 861105
93586 1385628
108009 1858201
73329 870825
103070 1680472
83157 1117405
98530 1540208
77980 979752
91446 1327008
67618 742152
123907 2397221
92029 1350925
86244 1187716
97700 1525764
93642 1386212
95851 1446405
103975 1723333
123606 2405576
104257 1727709
123265 2378989
89624 1288948
97667 1509341
73331 870833
81490 1055196
68602 758660
85582 1175396
75167 902657
75968 922028
124788 2451040
91060 1317460
87901 1222485
81346 1053260
87973 1223473
104640 1721624
103692 1700616
92768 1365988
108725 1851389
112273 1978861
100143 1579349
105719 1769813
85521 1166321
60577 601081
81708 1059276
95139 1455437
78946 1001756
114648 2082324
89272 1281612
98005 1516737
76342 931900
91179 1337113
111190 1951832
122423 2358021
92801 1366753
79656 1012796
91134 1320732
81354 1053260
79656 1012796
75188 904876
96515 1480949
100925 1598537
97613 1506097
82419 1078709
84461 1141237
111616 1961520
98782 1547852
121207 2318177
86550 1201008
108505 1840641
87976 1227836
86287 1187833
98408 1538664
80591 1043249
101968 1635728
106378 1778672
122551 2360013
110528 1937712
131877 2718933
86993 1202197
98011 1516781
89058 1256408
94522 1405896
101358 1647532
86215 1178665
87889 1221881
81324 1052344
81270 1051728
99989 1575025
116726 2139564
109523 1897813
94400 1403592
85209 1156041
80458 1034960
68300 754248
92209 1356413
88480 1270380
96615 1488329
89978 1294600
108417 1844021
114578 2081004
92651 1364453
97173 1500333
93514 1382836
112967 1998301
86556 1201064
109243 1884973
112254 1987524
87911 1222709
87015 1202705
76112 928388
98663 1535913
101462 1648836
102758 1674532
103766 1701216
110131 1912917
98079 1518789
95821 1446033
92139 1353105
98303 1522913
67634 742236
92050 1343664
88218 1230572
103670 1699452
74805 897353
102582 1671592
114418 2078608
85522 1173968
87913 1222673
71565 831941
106091 1777373
66856 724340
80506 1036004
93562 1382912
124918 2441120
124934 2453508
92220 1346624
79219 1013033
88586 1271744
72593 852717
100031 1575937
74055 882109
128348 2562076
109531 1897873
117120 2151960
71563 832397
87187 1206937
116270 2126816
87067 1203593
95039 1454129
85985 1174289
137824 2975528
88896 1249032
78674 992336
82677 1087253
92095 1352525
106548 1781560
71433 830409
109105 1882957
118759 2217637
111466 1957708
97755 1511417
104765 1737873
87623 1217625
116949 2163321
100049 1577585
92854 1367984
80536 1035908
89226 1281080
118337 2197593
79004 1002196
103917 1722489
94012 1394164
100083 1577981
85844 1181000
111296 1953540
79510 1009792
120949 2313761
83439 1121397
93518 1382936
87073 1203353
92067 1351457
88586 1271744
96569 1464893
114966 2067308
86309 1188813
110245 1914757
84095 1135349
111462 1957688
124894 2440816
109129 1883233
97139 1499825
92299 1357785
90992 1316620
86506 1200460
111456 1957660
85730 1179444
71435 830385
94408 1404192
98626 1542132
74813 896885
89276 1260664
81714 1059440
95823 1445693
112678 1996696
89142 1258128
86335 1189101
106606 1784232
120959 2313829
101560 1650188
93482 1382480
96673 1488981
95025 1454193
96649 1488701
96649 1488701
81356 1053464
113084 2007320
94366 1403256
80560 1038096
110395 1917285
86729 1195141
92295 1357765
75880 920532
100106 1583536
87277 1206701
92297 1357773
68639 761101
93632 1384056
89038 1256212
118802 2209608
85480 1173484
80546 1038064
103064 1686020
93590 1385496
89312 1261396
85866 1181212
82635 1086765
81342 1052728
99313 1557965
110273 1914969
105724 1760920
83669 1107817
92363 1358409
92649 1364445
90630 1311728
98794 1546040
94044 1394600
74189 884037
102808 1675108
80710 1038584
68620 758968
86967 1203809
117576 2161924
74859 897405
81692 1059056
83415 1121209
130466 2651592
74721 895385
74799 896733
95853 1445953
85987 1174297
71979 839845
100557 1588621
94424 1404344
94550 1406276
78744 993180
113231 2005493
92334 1349352
101081 1601497
104090 1706452
96671 1466493
73217 861201
92760 1365936
88938 1254868
111032 1949360
103971 1723229
98735 1537089
119482 2230244
92760 1365936
102234 1641344
104076 1706344
104926 1733692
108531 1846273
87243 1206277
83195 1117881
96529 1464501
76926 961472
111764 1979096
108011 1858253
104765 1737873
98729 1537053
121791 2311945
105914 1764528
112347 1980309
87955 1223145
86209 1178625
81676 1058944
94971 1453493
89034 1256196
111662 1962212
79448 1009032
99339 1559065
98208 1534776
89700 1290156
127528 2562436
134179 2826353
114594 2081760
125314 2461688
74805 897353
92224 1346820
92866 1367976
97531 1504865
79175 1012601
128212 2556144
100027 1575961
124104 2419200
110131 1912941
111722 1963596
118389 2210257
110323 1915293
92842 1367772
93520 1382500
103620 1698552
116874 2142988
118811 2218573
99397 1560133
92251 1355113
73647 869197
107863 1856353
74165 883857
110631 1921021
87039 1204909
85369 1164229
106531 1787565
98879 1540465
94016 1394188
101580 1650776
92287 1357449
122465 2358625
81404 1053868
83833 1110933
101496 1649184
104476 1717944
102960 1685044
99249 1557257
123433 2383293
79055 1010957
74209 884309
99208 1556300
80428 1035232
97187 1499537
80548 1038072
116722 2139548
92044 1343592
74015 883617
98932 1550356
85476 1173468
111439 1949501
79142 1004380
115068 2064272
111770 1979128
102354 1644044
87959 1223401
104640 1721624
92526 1352648
102018 1636432
85822 1180360
87239 1206229
85579 1167649
68624 758940
93554 1382832
85711 1169677
68304 754276
95697 1442953
93626 1385988
110635 1921053
89710 1290240
104510 1717348
103838 1702192
81140 1049628
79679 1021361
100073 1576073
77282 949860
84987 1152833
92069 1351465
103192 1688444
86293 1187861
113118 2007888
97704 1525784
118137 2190941
108113 1859829
105656 1749216
84495 1141757
95701 1442977
102236 1641352
87976 1227840
122547 2359997
100915 1598465
110408 1936092
87911 1222709
97151 1498989
131453 2697161
87119 1203833
96641 1488621
91179 1337113
99984 1581304
92281 1357213
82669 1087157
129106 2611648
93047 1379985
85995 1174381
92067 1351461
74209 884309
111166 1951584
88196 1230280
124276 2422416
117553 2177589
117725 2180493
92391 1359165
106540 1781512
123691 2392901
115914 2120164
97635 1506373
91082 1317712
104627 1735993
93526 1384380
77946 979276
67686 743096
98786 1547880
118327 2209217
91162 1321020
81505 1059313
108873 1875101
110398 1936016
75980 922092
118389 2210257
68306 754288
80200 1023012
115664 2107724
94472 1405056
107474 1806852
87689 1218393
93049 1379997
87961 1223409
80726 1038748
103746 1700468
97609 1505949
75155 902477
104516 1718512
112056 1983492
100108 1583540
105231 1747433
89042 1256240
94036 1394408
85822 1180360
74831 897505
117551 2177581
117837 2182465
129024 2610112
85756 1179832
99401 1560029
75124 904000
111778 1979192
80548 1038072
75157 902433
107474 1806852
92076 1344660
94180 1399416
112264 1987692
85703 1169641
68604 758740
144377 3257709
101968 1635724
81362 1053000
87273 1206641
68312 754736
102690 1673092
105167 1746729
92429 1359541
93720 1385552
85029 1153205
99383 1559905
98240 1535204
103738 1700924
110536 1937888
117053 2164921
80700 1038436
96229 1475789
98934 1550364
95823 1445693
91584 1329796
132712 2737856
91981 1349769
71551 831821
91080 1317696
99986 1581040
85509 1166229
80724 1038760
73207 861113
108461 1844461
95593 1440821
80202 1023024
79880 1023992
90240 1281864
96229 1475789
100114 1583652
100136 1584128
109465 1897033
91062 1317468
105719 1769813
100122 1583716
78066 982780
113213 2005369
87487 1213081
86236 1187264
109571 1898365
92890 1368148
85806 1180252
85111 1153425
103088 1664116
87913 1222525
95471 1439021
83203 1117913
69587 782953
87019 1204709
112278 1987808
96469 1486393
97519 1504757
95749 1443685
97681 1509457
95495 1439293
80508 1037724
104400 1716920
106557 1787853
99208 1556300
105303 1751277
62111 628705
86494 1200476
98408 1538732
99176 1565008
85507 1166217
100919 1598517
81513 1059361
112925 1997901
119643 2240045
82643 1086829
92253 1355133
103584 1699296
78490 989828
74183 883953
87067 1203593
69787 785793
74193 884213
100037 1576001
110532 1937832
98714 1546860
82901 1091141
117039 2164749
77316 950300
126142 2484744
84523 1142105
101522 1649956
72261 843317
68010 748988
101462 1648752
100027 1575961
72941 857265
111186 1951804
93566 1385188
117091 2165453
105321 1763253
99395 1559997
105880 1764184
92365 1358421
90704 1313348
98631 1534557
98854 1548912
91784 1333280
92643 1364325
92994 1369716
87889 1221873
119478 2230272
87046 1209768
92141 1353117
88848 1253196
100965 1599553
98111 1519209
94128 1395848
108083 1859157
92209 1356413
92253 1355133
81352 1053304
95887 1446965
92844 1366956
102992 1685532
104275 1727825
87835 1221237
78738 993132
72253 843273
98913 1540869
93514 1382236
103124 1664564
118015 2187129
108525 1846213
108909 1855289
103192 1688448
110253 1914641
96673 1466509
100139 1578885
82795 1089805
103066 1686032
98737 1537125
112278 1987808
94535 1410349
112270 1987720
92852 1367020
118846 2210124
101970 1635748
111612 1961496
105299 1751561
102012 1635672
109623 1898713
116796 2141484
101526 1649960
106693 1790949
110247 1914533
91378 1326272
91628 1330456
95593 1440821
91877 1348653
91070 1317536
101408 1648052
95409 1437465
81326 1053236
98440 1538964
97617 1506165
102760 1674540
94905 1452397
74145 883637
74233 884949
103582 1698220
78108 981972
93568 1385068
93099 1380605
85505 1166205
103064 1686020
125047 2435141
92074 1344644
93585 1390225
91062 1317468
91832 1340340
82499 1084849
105665 1768953
100006 1581348
104224 1712052
68602 758768
105305 1751289
110540 1937916
95749 1443685
142078 3151348
87115 1205753
84655 1144673
103700 1700720
92256 1347528
110834 1942932
92035 1350977
90998 1316500
81322 1052332
93496 1382652
108139 1860493
113163 2002033
98469 1531793
96641 1488621
104670 1722000
60577 601081
103650 1699288
92090 1344768
119448 2229944
123610 2405592
93107 1380665
100125 1578897
93006 1369800
116800 2141768
82791 1089785
108115 1859841
79452 1009260
74767 896265
99415 1560185
95871 1446217
88524 1271116
98588 1541540
95035 1453873
98436 1538948
118837 2209885
93512 1384164
90108 1302060
116862 2142252
99403 1560185
72823 855681
110207 1913053
91920 1341476
62067 628313
83835 1110941
88020 1228252
111726 1978564
87811 1220665
72595 852725
109127 1883225
80752 1039156
98640 1542368
86207 1178617
78126 981648
100705 1594013
107975 1857509
68668 759472
103698 1700660
89754 1290828
95823 1445693
72731 854193
77968 979624
64234 667484
103973 1723297
98626 1542148
104090 1706484
118381 2210213
74809 896869
87919 1222269
80704 1038544
75153 902469
92023 1351445
83457 1121641
101404 1648032
77974 979792
88273 1229425
81669 1060745
81674 1058936
93698 1387248
105131 1745085
103200 1688460
110301 1915001
81326 1053236
83415 1121209
93700 1387256
73647 869197
116674 2138560
117140 2152184
85083 1153881
112278 1978772
97167 1500077
93101 1380613
87663 1218097
95031 1453845
108529 1846245
89040 1256232
98389 1530549
103917 1722489
90666 1312472
84663 1144729
95871 1446217
102928 1684780
101580 1650624
114966 2067308
83579 1106241
87871 1222353
91010 1316652
103604 1698488
99569 1562441
88986 1250188
112278 1987808
101670 1651972
104520 1718532
108705 1851185
77284 949888
97694 1525652
111180 1951744
87881 1222421
101580 1650776
79450 1009252
105954 1765476
98883 1540481
81300 1052304
85487 1166073
100081 1577973
98962 1561620
106695 1790957
86953 1202309
117077 2165309
104650 1721700
78680 992440
99658 1573360
98120 1533432
102592 1671676
102194 1640784
81745 1061793
92805 1366785
100561 1588649
105028 1735288
84655 1144673
104566 1719328
99996 1581420
104078 1706464
104638 1721504
100127 1578761
75161 902597
92330 1349304
87649 1217973
79175 1012601
79946 1024476
94577 1410837
96071 1473385
81678 1058952
87041 1204917
103971 1723229
97694 1525652
131305 2706721
109367 1895081
99249 1557257
79315 1016081
108511 1840677
110253 1914641
79380 1007872
100555 1588613
109487 1897193
74465 890197
92336 1349360
77134 947192
96387 1484893
100152 1584236
100959 1598949
81706 1059276
100149 1579233
85844 1181000
98373 1530417
115060 2064188
116072 2123068
81490 1055200
105284 1741048
92074 1344644
92262 1347604
75155 902501
110243 1913677
90128 1302284
86387 1189661
84625 1145469
92802 1367124
85651 1168445
91074 1317768
121207 2318177
103981 1723361
108071 1859485
105303 1751577
102170 1640516
109241 1884961
74233 884949
111880 1980452
118813 2218589
93582 1385176
90392 1285156
110249 1914585
100121 1578869
85505 1166205
117134 2152072
83875 1111489
105663 1768945
105734 1761004
110635 1921097
95801 1466381
115924 2120364
102014 1635688
112060 1983512
94426 1404352
130663 2673965
75165 902569
99590 1572484
99467 1561081
94004 1394096
100257 1581201
72555 852201
123508 2403776
108569 1846241
110135 1912961
85671 1168961
90913 1333981
97117 1498753
86150 1186224
86902 1207640
130663 2673965
81368 1053044
110476 1936880
81488 1055188
73194 869360
112273 1978861
111766 1979120
84227 1139413
94796 1411868
87871 1222353
108745 1851677
84461 1141269
97177 1500373
98808 1546164
135519 2873753
74163 883849
128348 2562076
132712 2737856
110143 1913021
93798 1387264
104092 1706496
103714 1700892
106522 1781304
98120 1533432
93672 1386532
65632 704468
74177 883921
96309 1476853
85083 1153881
76886 961108
92564 1353252
94518 1405876
90660 1312796
112923 1997893
103736 1701284
85400 1172208
87973 1223473
95749 1443685
73157 860493
103971 1723225
105006 1734956
89198 1258780
105904 1764424
82493 1084765
81274 1051744
111034 1949368
74845 897609
92800 1367120
92363 1358409
88233 1228841
91981 1349769
91258 1323084
79712 1013348
118019 2187161
80414 1035100
100073 1575821
105942 1765228
91128 1320684
87095 1203537
123699 2393021
111443 1949525
103584 1699296
95471 1439021
88398 1269536
84867 1149477
100041 1576017
93489 1388585
75177 902789
124110 2419240
88980 1250120
64220 667364
97663 1510157
118137 2190941
73122 868572
80722 1038732
100925 1598545
70587 799557
78885 1008201
94180 1399416
99551 1562253
81513 1059361
82511 1080401
92118 1345104
119189 2227801
95835 1445773
111726 1978564
111481 1950077
98616 1542092
100259 1581213
118821 2218769
81692 1059056
98687 1536121
91158 1320996
95083 1454721
95767 1465933
112210 1986728
104631 1735985
125047 2435141
114974 2067404
113221 2005425
102842 1683108
91020 1316844
104516 1717388
74960 902944
102256 1640904
111044 1949436
87849 1221141
93107 1380665
95081 1454705
87903 1222505
86941 1202181
91396 1326464
78402 988136
109315 1886597
105175 1745881
103971 1723229
110243 1913657
82655 1087109
109551 1898073
79679 1021365
96619 1488349
98754 1547584
85480 1173484
118613 2214153
110191 1912609
116680 2138620
106542 1781520
97619 1506137
93579 1390197
93532 1382568
76924 961460
111858 1968716
108119 1860321
74179 883929
129792 2632568
105974 1765572
99403 1559201
84521 1142217
85579 1167565
103746 1700468
99550 1571868
116022 2122512
91639 1343565
90016 1295112
98141 1519461
90632 1309856
100037 1575977
115926 2120376
87101 1205689
108115 1859841
110129 1911853
97077 1499029
100919 1598481
103610 1698524
99202 1565228
103666 1699476
96667 1466461
103979 1723385
111298 1953548
118281 2193597
89352 1261940
78108 981472
111612 1961496
114416 2078588
84481 1141461
117097 2165545
111804 1967656
92139 1353105
89066 1251960
105293 1751481
74960 902944
73194 869360
93636 1386176
74807 897245
110171 1913357
82377 1078173
117578 2161792
118910 2211612
93049 1379997
85239 1156357
108219 1861809
92651 1364453
94535 1410349
83199 1117901
100156 1584260
103704 1700724
100751 1594665
91078 1317804
126005 2475389
110143 1913021
86254 1187780
98120 1533432
106699 1790985
93572 1385216
104308 1713444
123669 2392693
93578 1385304
78546 989724
93578 1385304
86252 1187772
97955 1515813
113088 2007176
92807 1366797
78550 989752
100048 1582120
81521 1059449
109361 1894921
101604 1650844
103720 1701008
111844 1968584
90626 1312612
97406 1521764
97615 1506157
83577 1128625
110273 1914877
92252 1347496
111229 1937897
75192 904900
118339 2197605
112277 1978889
81751 1061841
81398 1053484
73169 860581
117590 2162048
95623 1436641
132701 2743585
110800 1942556
83445 1121429
80502 1037468
101492 1649168
116750 2139548
103840 1703084
110247 1914533
131493 2709933
123476 2403352
92846 1366964
117559 2177633
137844 2975672
83899 1111793
92423 1359493
91048 1317280
97153 1499941
98566 1541324
114778 2084804
100053 1576201
140732 3101228
110393 1917277
98687 1536121
98675 1535885
75203 903041
89618 1288912
68612 758904
128982 2609424
91058 1317448
97762 1526324
97937 1515585
72183 842241
72257 843301
87241 1206269
104396 1716892
94957 1452889
116674 2138560
99317 1558001
111792 1979292
119478 2230272
103714 1700668
103975 1723253
116738 2139352
81700 1059080
98194 1533368
110171 1913357
105950 1765328
95701 1442969
89758 1290856
117366 2154804
74061 882153
94792 1411844
94535 1410345
83611 1106597
114676 2083108
103084 1664076
121617 2300857
117559 2177633
116700 2138944
95083 1454721
90664 1311880
104238 1711364
103979 1723385
91262 1322456
90704 1313204
117591 2177981
117194 2148924
81513 1059369
100127 1578761
115016 2068020
81328 1053244
82795 1089805
83067 1116269
94408 1404192
98932 1550356
86971 1202473
109317 1886605
79764 1014072
87255 1206461
97627 1506221
101968 1635740
110167 1912289
76346 931924
81515 1059397
91869 1348593
79215 1013005
86333 1188941
90660 1312796
114422 2078636
134907 2825329
97694 1525652
85111 1153437
87119 1203833
92852 1367020
106117 1777681
103062 1686012
93598 1385716
99399 1560001
97169 1500321
96307 1476841
118629 2214317
111035 1933453
92139 1353105
86983 1202621
104222 1712040
92141 1353117
93794 1387272
106543 1787829
104253 1727597
113081 2000905
98005 1516457
83473 1121769
89240 1281332
97605 1505925
86238 1187280
129106 2611648
87487 1213081
108029 1858469
93612 1383616
105824 1762524
80704 1038556
75157 902433
93558 1384700
104640 1721624
91080 1317816
102382 1643896
103728 1701220
94448 1404216
104226 1711232
103162 1688016
112674 1996464
103981 1723393
87067 1205297
85802 1180232
83415 1121209
115664 2107724
107476 1806904
97615 1506113
115930 2120444
102240 1641380
84657 1144165
120947 2313753
89958 1294488
95745 1443473
98439 1531441
103022 1685836
108143 1860397
123279 2379537
89198 1258780
74575 891641
116688 2139752
93598 1385544
94535 1410345
95889 1446973
87094 1210336
103728 1701216
72919 857053
62063 628245
74553 891369
90976 1316484
97191 1497677
102012 1636404
83843 1111013
110538 1937900
97077 1499029
102362 1644088
90136 1302336
87963 1223233
124786 2451028
85653 1168729
101580 1650776
81712 1059332
102630 1672084
97681 1510269
86236 1187264
85958 1182284
100083 1577981
118323 2209181
66396 718008
95855 1446425
80724 1038760
78806 994312
92088 1344756
131303 2706709
115688 2108048
97187 1500321
116832 2142072
116682 2138628
82513 1080417
104930 1733708
98798 1546060
81509 1059329
100079 1576545
92365 1358421
83671 1107825
112927 1997857
101972 1635760
86958 1208364
91078 1317804
110811 1927925
105222 1739796
106018 1766524
90018 1278356
97179 1500381
102408 1644656
86271 1179329
92050 1343664
81338 1052696
113088 2007176
95083 1454721
98479 1531873
87986 1227900
82397 1083641
85973 1174181
92035 1350977
77710 977856
103734 1700904
117576 2161924
85073 1153797
125359 2453761
91632 1330500
111002 1949084
105175 1745881
81704 1059268
104239 1727509
68599 760581
75171 902685
114570 2080832
87569 1214141
110199 1913081
93610 1383608
104570 1719360
84079 1135177
88070 1228936
87171 1206677
87037 1204669
94981 1453553
150936 3553020
117551 2177581
108471 1844653
96307 1476841
131493 2709933
110395 1916413
115728 2108596
92809 1366821
74805 897353
90654 1312756
82643 1086829
98003 1516729
93520 1384272
80724 1038760
127506 2562204
95485 1439145
87976 1227832
100191 1579985
87023 1202369
62091 628493
104263 1727749
73331 870833
110167 1912325
106380 1778680
104928 1733692
90756 1314140
110398 1936016
82535 1084869
74179 883929
117192 2148916
79797 1022885
101356 1647524
91171 1337021
74147 883645
90686 1313140
98778 1547820
85499 1166161
89212 1258968
105716 1760808
86148 1186216
81519 1059421
86494 1200476
93590 1385376
105339 1751961
95031 1454077
118219 2192085
104928 1733692
94182 1399428
88235 1228853
68622 758928
100119 1578861
112250 1987276
95765 1465925
79888 1024040
85711 1169677
87687 1218381
95893 1447001
88940 1254880
100125 1578877
99313 1557965
108051 1858709
91540 1329316
115432 2099404
87869 1222345
98763 1537509
106091 1777373
116726 2139564
92139 1353105
81732 1059680
81519 1059421
109487 1897193
86449 1190357
98373 1530417
98120 1533432
101698 1652272
84625 1145469
97764 1526336
89094 1256496
97173 1500337
105954 1765476
96673 1488981
72549 852177
94244 1400304
87017 1202433
90014 1295092
110249 1914585
100048 1582120
81515 1059373
117132 2152056
90108 1302060
113165 2004001
86150 1186228
109739 1901153
94945 1452793
86365 1189361
110241 1914729
116080 2123404
117581 2177809
90702 1313336
88289 1229693
95599 1440869
74455 890117
108525 1846221
94759 1413273
108569 1846977
125172 2457936
77048 945912
89214 1280988
106018 1766524
73647 869197
100048 1582120
86009 1174709
81745 1061793
92766 1357588
130165 2659345
106584 1782556
99364 1558952
118401 2198821
90654 1311916
80612 1036768
72953 857345
100959 1598949
104959 1741973
100050 1582136
116008 2121584
86106 1185780
80616 1036996
74161 883781
75986 926400
80409 1041049
97605 1505937
105222 1739796
105956 1765504
117561 2177645
81386 1053700
92256 1347528
111184 1951796
100169 1577385
112515 1983973
87865 1222013
116024 2122524
117576 2161924
95593 1440821
83465 1121673
98111 1519209
97679 1510257
112437 1982493
86309 1188813
89150 1258168
101690 1652200
84527 1142261
112509 1983785
93660 1386448
88222 1230604
86154 1186252
91179 1337113
91262 1322456
107999 1858045
90138 1279956
98893 1540577
98621 1535273
85480 1173480
117739 2180661
106640 1784692
110245 1914757
81513 1059365
115264 2075152
122615 2361609
87285 1206757
80738 1038844
92922 1368636
116024 2122524
117725 2180473
113252 2010892
83607 1106565
79134 1004344
96667 1466461
78122 982080
96469 1486393
97895 1515097
102808 1675108
106711 1791097
130165 2659345
92281 1357409
75192 904900
121155 2317529
93065 1380029
93599 1390517
91822 1340268
84431 1141189
93814 1387528
130661 2673941
86973 1202485
103672 1699520
91424 1325760
92033 1350961
94012 1394164
80512 1037740
89074 1252016
79108 1003832
77306 950104
105301 1751569
98624 1542140
107963 1857401
100031 1575937
98761 1537461
104253 1727597
105436 1744760
100142 1584156
108917 1855345
118902 2211536
105721 1769821
113221 2005425
110241 1914549
111439 1949501
102994 1685540
94468 1405040
105331 1751897
79175 1012601
81108 1047000
93586 1385632
111890 1969116
68622 758928
91916 1341380
111073 1934093
100923 1598537
93115 1380733
103838 1703076
110275 1914981
81448 1054444
104967 1742105
96533 1464517
86981 1202609
95799 1466369
104476 1717816
86993 1202197
76114 928396
110159 1912233
86971 1202473
98196 1533388
117632 2162796
94036 1394408
109737 1901233
102690 1673092
116952 2144620
118319 2209165
89094 1256496
98856 1548932
124898 2440840
114678 2083116
86983 1202621
131918 2711036
115664 2107724
91216 1320036
114588 2081084
110595 1924521
87243 1206277
68310 754312
91877 1348653
108967 1856029
87957 1223157
86333 1188937
70773 802321
85691 1169161
93612 1383616
134907 2825329
105824 1762524
86335 1189101
99182 1555996
101926 1634408
106131 1778009
98881 1540465
100053 1576201
79681 1021377
104638 1721504
87897 1222453
79502 1009728
100123 1578885
99469 1561105
97753 1511409
84147 1138365
82697 1109481
94180 1399416
106748 1786916
104226 1711232
86215 1178665
100111 1576489
104164 1707692
99361 1559285
87061 1202989
100919 1598481
105942 1765228
85820 1180352
110397 1917309
92387 1359113
115938 2120500
98775 1537589
71451 830633
82791 1089749
98677 1535913
124934 2453508
88064 1228880
110518 1937632
98093 1518917
104927 1741457
110959 1932301
115128 2070672
110205 1913121
123255 2378885
78816 994372
80710 1038632
106630 1782768
85365 1158481
111485 1950085
97525 1504913
100983 1599749
111860 1968728
104767 1737885
91630 1330468
119452 2229964
105028 1735288
93792 1387216
103840 1703084
99355 1559261
103666 1699476
90846 1314620
98530 1540208
118325 2209209
100169 1577693
87059 1204953
86759 1189969
147289 3389237
98109 1519201
88480 1270380
114540 2080364
106507 1787097
97615 1506113
76906 961320
119233 2228369
101015 1600301
86009 1174709
85103 1153361
108051 1858709
123751 2389857
132701 2743585
112268 1987656
103945 1722989
97366 1521252
100145 1579361
100138 1583912
102560 1671372
94192 1399724
93025 1379773
71607 834013
116766 2140024
98120 1533432
111258 1952760
116024 2122524
97687 1509497
118401 2198821
116800 2141588
84537 1142261
83457 1121617
87927 1222773
93524 1382972
117146 2152208
87071 1205321
94194 1399732
119454 2229972
108063 1859333
97943 1515721
100053 1576189
97173 1500341
104134 1710820
91544 1329352
88978 1250108
81490 1055200
97205 1500197
94194 1397272
86271 1179329
109627 1893157
91222 1320612
103042 1686040
62061 628285
116750 2139548
110275 1914981
81747 1061809
97213 1500621
102446 1645296
93516 1382848
89760 1290892
90128 1302284
116674 2138560
80514 1036056
96571 1481669
97171 1500325
97285 1501113
123281 2379549
114558 2080600
115950 2120628
103764 1701164
93660 1386448
105269 1750821
118325 2209209
89348 1261916
82521 1080497
94749 1413197
112656 1996204
94394 1403464
93792 1387216
87519 1213353
89070 1251992
89216 1280996
104945 1741845
67626 742160
105942 1765228
87014 1209508
118333 2209277
124750 2450688
68224 753368
96177 1474705
119452 2229964
87829 1220825
93559 1389957
98373 1530413
86061 1175289
114966 2067308
91922 1341484
104253 1727597
89080 1252096
92379 1358549
93559 1389957
100077 1577861
94775 1413553
85394 1172172
80502 1037468
91768 1333016
87061 1204961
97175 1500205
123433 2383293
80560 1036156
85643 1168397
106542 1781520
119482 2230296
74962 902952
92258 1347540
130657 2673929
98440 1538964
83671 1107825
79744 1021892
96319 1476969
81714 1059368
119647 2239909
85501 1166169
89080 1252096
100353 1581417
62117 628745
87014 1209508
92031 1350933
150936 3553020
116955 2163357
103082 1664064
108135 1860317
98642 1542900
113099 2001149
90588 1311248
92138 1345364
93584 1385340
106028 1766600
80460 1034968
105113 1745497
88233 1228841
116967 2163469
104438 1717316
65012 695400
68643 761117
92544 1352816
84289 1139497
85322 1171476
85809 1171513
99357 1559217
114590 2081744
119480 2230288
114035 2028413
73331 870833
78812 994348
85505 1166205
84289 1139497
121085 2315889
111229 1937897
105734 1761004
83415 1121209
68302 754256
89620 1288920
99469 1561105
124778 2435080
117739 2180661
101880 1633844
104566 1719328
116802 2140720
74533 891209
97762 1526324
83425 1121229
110131 1912917
123233 2378465
114672 2082612
89214 1258976
97667 1510173
97173 1500341
78546 989724
108081 1859557
92136 1345356
81751 1061841
99202 1565228
111067 1932913
105942 1765228
98950 1550504
96673 1488981
95767 1465933
84659 1144173
89150 1258168
74849 897633
109621 1898693
100136 1583904
87969 1223465
124960 2442180
118830 2209952
116026 2122536
99555 1562277
86957 1202377
110959 1932277
110293 1914929
118490 2191624
98964 1561628
84505 1141829
89956 1294480
81745 1061793
80590 1038412
71567 832413
104257 1727713
89200 1258656
92206 1346552
112929 1997921
105914 1764528
97245 1501069
103943 1722981
104799 1738241
114556 2080592
108525 1846205
109579 1898429
90088 1301860
111804 1967656
121137 2316717
85107 1153401
118996 2213924
74865 897881
130228 2646588
126007 2475397
81364 1053404
110798 1942544
90634 1309864
118823 2218777
88263 1229233
96253 1476069
86335 1189101
86975 1203857
114630 2082184
85671 1168961
98410 1538740
77318 950308
88936 1249484
83667 1107797
111132 1950516
91020 1316748
96515 1480949
97967 1516089
85365 1158481
102932 1684796
104259 1727721
85752 1179816
90224 1281680
84513 1142001
105220 1739788
85973 1174181
124137 2403505
72941 857265
85693 1169169
88976 1250096
91953 1349517
93594 1385520
79380 1007872
96071 1473385
99363 1559309
105367 1750337
91877 1348653
109749 1901377
95771 1465965
74877 897965
98186 1534584
99347 1559185
81400 1053492
122585 2361173
100145 1579361
97185 1499517
110167 1913333
94857 1451837
87829 1220401
91126 1320648
93517 1388837
93586 1385204
87100 1210376
93567 1390057
105914 1764528
92281 1357409
97607 1505945
91072 1317760
105673 1768997
77990 979820
106555 1787969
115914 2120164
81659 1060585
96539 1464561
92756 1365908
105507 1765989
91124 1320640
81092 1046832
103672 1699520
92081 1351649
87119 1203833
70771 802313
75153 902453
68618 758956
97983 1515165
100027 1575961
107997 1857973
75187 902873
103688 1700580
79500 1009704
112925 1997901
86945 1202269
86969 1202461
100705 1594013
125380 2462968
87261 1206513
101568 1650204
115686 2108036
97969 1516097
105729 1760821
108511 1840709
106602 1784208
104633 1736021
105487 1754717
126148 2484768
103028 1685888
104640 1721624
114976 2067412
103230 1688872
73647 869197
80736 1038832
91901 1348781
68170 750252
115662 2107716
92892 1368316
115008 2067972
92229 1356877
102382 1643896
104995 1742377
93384 1380276
94460 1404844
110183 1912757
123636 2406020
105491 1754777
98599 1534205
90004 1294876
81368 1053044
87021 1204545
97667 1510173
123492 2403524
109715 1900861
92035 1350961
91920 1341496
87095 1203537
150936 3553020
91546 1329364
97683 1509445
96531 1464497
92311 1357877
126011 2475425
91584 1329796
79108 1003832
92811 1366833
106602 1784208
93590 1385648
108913 1855309
82617 1086577
95419 1438413
106557 1787853
74177 883945
116758 2140036
111841 1958165
110183 1912757
102382 1643896
108221 1861817
80520 1035576
80407 1041041
96227 1475781
92139 1353105
79264 1006540
118325 2209209
85693 1169169
118490 2191624
74937 898805
102236 1641352
68620 758968
79382 1007884
104994 1734860
90656 1312764
95375 1437149
100027 1575961
74197 884229
101304 1609236
122221 2345597
75190 904884
104408 1716992
92701 1365021
100031 1575985
92025 1350849
93598 1385716
95417 1438385
107915 1856793
116965 2163453
117743 2180721
86731 1195149
98640 1542368
92892 1368160
96537 1464549
74753 896109
85365 1158481
100711 1594065
110462 1936764
118325 2209209
129174 2613396
121085 2315889
103714 1700892
105481 1754681
97219 1500321
82397 1083033
105296 1741156
124396 2424696
98568 1541332
98148 1534000
80792 1039972
92089 1352213
95645 1443017
87065 1203573
87075 1203361
114580 2081012
92809 1366821
94759 1413273
98408 1538732
124750 2450688
105351 1750177
88936 1249484
99337 1559057
106590 1782556
91096 1317892
116798 2141580
108531 1846261
104255 1727701
92892 1368160
121235 2319017
101574 1650708
95045 1454193
95499 1439317
89080 1252096
81388 1053712
104476 1717816
105222 1739796
98856 1548924
116274 2126848
98095 1518933
98640 1542368
87067 1205297
91060 1317364
90612 1312304
106632 1782776
108123 1860325
84655 1144673
91922 1341508
106555 1787969
111864 1968456
97283 1501105
89220 1259016
88233 1228841
105303 1751277
87021 1204545
103622 1698636
90990 1316608
73965 883057
94957 1452889
93517 1388837
74159 883805
92253 1355133
128176 2550648
105701 1769601
82525 1080513
118281 2208549
104224 1711224
89056 1256396
103686 1699740
87905 1222041
112913 1997721
104562 1719292
117719 2180433
100925 1598537
92196 1346456
119215 2228073
92222 1346812
118337 2209305
112260 1987560
129824 2632076
100153 1579265
90600 1311088
116688 2139752
98903 1540733
111910 1967436
81110 1049356
91217 1337449
114674 2083064
81326 1052968
105904 1764424
74089 884517
81747 1061801
116762 2140072
73331 870833
81360 1052992
110476 1936880
90112 1279704
117553 2177577
70499 798417
78122 982080
90016 1295112
91171 1337021
98781 1537813
96319 1476969
105472 1745252
101584 1650800
104967 1742105
100117 1578373
93596 1385532
87957 1222837
98120 1533432
129838 2632652
110129 1911853
92803 1366761
117136 2152096
128076 2553340
107482 1806940
100123 1578869
81494 1055224
108081 1859557
80489 1042245
103710 1699848
119189 2227801
87811 1220665
109145 1883381
106682 1785672
116308 2127432
123235 2379553
89336 1261784
98695 1536185
112256 1987532
118329 2209225
76120 928468
84543 1142277
93730 1387576
91924 1341520
105438 1744780
116800 2141588
79454 1009268
109109 1882977
87487 1213081
118325 2209209
116716 2139100
104164 1707704
106596 1782632
78554 989772
97077 1499029
103855 1721865
106018 1766524
116078 2123392
92116 1345096
92250 1347100
103672 1699520
87094 1210336
80792 1039972
112439 1982501
116862 2142252
86209 1178625
95809 1466453
108525 1846221
116724 2139204
86213 1178653
110783 1926229
87105 1205713
77330 950412
123687 2392857
92264 1347620
99099 1544473
97153 1499777
122483 2358769
119643 2240045
92262 1347604
103959 1723093
81292 1052012
107961 1857389
118331 2209269
107478 1806912
129814 2631952
87263 1206509
86207 1178617
106602 1784208
115466 2079656
81424 1054168
92522 1352620
100027 1575961
123275 2379089
109317 1886609
110516 1937556
78160 983748
80718 1038680
94848 1412828
117737 2180645
85671 1168961
120975 2313989
84521 1142209
106567 1788245
97575 1505425
93651 1391069
94398 1403308
117998 2178936
87927 1222773
89996 1294820
124878 2452360
92801 1366753
123693 2392897
99150 1564612
91086 1317872
116951 2163329
84285 1139481
74863 897441
72271 843405
95749 1443685
82669 1087157
116128 2124052
107863 1818401
93501 1388657
121149 2317481
106600 1782236
111596 1961332
131918 2711036
98903 1540733
79106 1004048
117035 2164725
104654 1721680
112690 1996828
116078 2123392
97631 1506461
76346 931924
92707 1365069
101678 1652040
106678 1785656
98538 1541580
90844 1314608
104236 1712156
85772 1177980
106670 1783268
98373 1530409
126039 2475805
85801 1171441
96527 1464477
93820 1387592
114674 2083064
81712 1059360
81747 1061809
75177 902749
93578 1385304
79213 1012993
101351 1607985
101027 1600533
108571 1846985
110199 1913081
91877 1348653
104862 1726076
86966 1208412
74799 896729
104745 1737513
94406 1404184
118417 2210585
116294 2127252
124918 2441120
102630 1672084
102328 1664056
66687 729969
131287 2706553
108517 1846141
85874 1181268
98625 1535305
109139 1883301
121567 2304545
92134 1345332
95647 1443025
104526 1718580
103754 1701084
92363 1358409
98015 1516805
89752 1290820
81142 1049636
110498 1937356
91530 1329236
105169 1746737
83671 1107817
81490 1055196
124284 2422500
113815 2023001
103088 1664116
86150 1186228
87871 1222353
92058 1343716
117855 2182689
106665 1790305
90654 1310096
101638 1651412
99943 1573601
92393 1359173
112513 1983941
105438 1744780
130244 2646780
75187 902873
103200 1688460
106728 1784588
85344 1171548
95405 1437441
90784 1314412
94945 1452793
78843 1007977
91179 1337113
98091 1518961
91851 1348417
78160 983748
85476 1173424
98812 1559584
110179 1912425
86209 1178625
110175 1912401
79005 1009841
81404 1053856
92707 1365069
78556 989792
100753 1592217
98410 1538740
110633 1921165
122489 2358861
68306 754284
91786 1333288
108141 1860389
100126 1583748
104502 1718164
91691 1345345
66660 721336
90624 1312396
104564 1719304
123699 2393021
106702 1786192
105962 1765548
104243 1727525
98675 1535885
90660 1312796
95629 1436689
82439 1078849
90228 1281712
87891 1221889
108079 1859549
94428 1404640
102324 1664012
100123 1578885
105182 1739100
93642 1386212
101412 1648088
96783 1468685
68620 758968
83843 1111013
106632 1782776
72949 857309
108019 1858305
62115 628733
99085 1544257
113120 2007896
61753 624261
79162 1004868
106609 1788793
114630 2082184
111044 1949436
96687 1489097
73240 869860
111770 1979128
92363 1358409
104640 1721624
115874 2111784
110811 1927925
111935 1961221
106555 1787969
119677 2240681
99986 1581040
109453 1896145
95773 1465973
87665 1218105
111726 1963620
93516 1382244
108511 1840709
85371 1158529
98428 1538888
112439 1982501
108887 1875269
118329 2209225
87067 1205297
72183 842241
108743 1851669
124960 2442180
74197 884229
85297 1157165
103728 1701220
118902 2211536
98592 1541584
101474 1648932
89758 1290856
84525 1142105
110581 1924389
105896 1764288
92281 1357217
124976 2453976
123669 2392693
68669 761345
123656 2406296
89084 1252120
97077 1499029
79317 1016089
103726 1698372
122581 2361113
118329 2209225
88304 1231840
74785 896613
99360 1558912
68304 754564
91922 1341508
85669 1168953
86989 1202001
88233 1228841
88064 1228880
110143 1913021
130019 2656725
93618 1385628
84711 1146541
105125 1745013
112066 1983584
106606 1782276
98739 1537133
87885 1222445
93720 1385552
92665 1364549
90600 1311088
92722 1365532
119187 2227793
112638 1996020
80568 1036204
103172 1688108
76120 928468
90652 1310088
98621 1535273
117039 2164749
107270 1802044
115876 2111800
124890 2452488
117019 2164233
93800 1387308
116800 2141768
113157 2001985
112933 1997901
87871 1222353
123247 2379685
72921 857061
128966 2609300
98753 1537397
119770 2238344
85396 1172180
118015 2187129
114570 2080832
111260 1952780
126329 2484441
104174 1707944
81751 1061841
73959 881605
106376 1778604
92892 1368164
92850 1367840
68306 754288
94012 1394164
83459 1121649
121149 2317481
82431 1078793
124296 2422676
103981 1723393
110816 1942784
101462 1648752
105180 1739072
84667 1144245
112355 1980377
76906 961320
98311 1522961
89214 1258976
87263 1206521
110253 1914641
79500 1009704
106636 1784572
102204 1640864
99081 1544221
105167 1746729
84495 1141757
121115 2316261
136803 2913825
104668 1721976
76342 931892
103728 1701216
91404 1326512
124110 2419240
104222 1712040
81420 1054136
106644 1782880
84655 1144673
115302 2075712
105491 1754777
86011 1174721
103740 1700420
87269 1206609
104253 1727597
119478 2230272
103184 1688252
92206 1346272
84625 1145469
106602 1784208
100231 1580433
123699 2393021
90598 1311272
93814 1387528
104134 1707132
85809 1171513
106596 1782632
85011 1153041
102018 1636432
87913 1222525
98093 1518969
95081 1454705
97075 1498017
104650 1721700
93288 1375156
87065 1203573
69423 776261
94454 1404796
78546 989724
111858 1968716
93443 1388013
110951 1932221
94781 1413605
101538 1650060
80464 1034884
131493 2709933
104074 1706328
98111 1519209
72955 857357
90638 1309892
79830 1023396
94248 1400328
99409 1560097
93386 1380284
110285 1912381
98343 1523405
97261 1501297
87269 1206609
105436 1744760
73207 861113
88586 1271744
107863 1856353
98856 1548932
96259 1476113
99081 1544221
95459 1438237
84655 1144673
115950 2120628
95087 1454745
87829 1220825
96269 1476217
88938 1249496
106640 1784692
95485 1439145
97691 1509549
95535 1434605
85501 1166169
104312 1713472
95597 1440845
98778 1547820
88001 1223817
108245 1862105
98609 1534321
74723 895397
115704 2108228
105313 1751649
100079 1577869
111441 1949517
104250 1711488
78816 994372
114422 2078636
117154 2152268
110239 1914461
96647 1488693
100751 1594665
105312 1741460
92766 1357588
110462 1936764
100803 1595349
102260 1640936
105707 1769457
105303 1751277
87045 1205105
104765 1737873
106665 1790297
87699 1218465
80626 1038984
94518 1405876
91879 1348665
81429 1058497
92365 1358421
90136 1302336
110581 1924389
89978 1294600
99208 1556300
79478 1009448
79882 1024000
106028 1766600
101013 1600261
74061 882153
92212 1346608
68620 758964
92892 1368164
99403 1560177
99260 1556980
100116 1583660
112268 1987656
101590 1650696
93520 1382944
89934 1300156
110502 1937424
117508 2160672
100073 1575821
98982 1550896
97213 1500621
82517 1080437
97211 1497949
110811 1927925
87955 1223145
124884 2452416
101966 1635700
74161 883781
137832 2975572
116850 2142060
81515 1059397
104438 1717316
110585 1924425
106110 1767912
92228 1346848
81708 1059276
90706 1313216
112513 1983941
92200 1346476
128964 2609292
97717 1509869
90018 1278356
96619 1488349
106695 1790733
98625 1535305
97569 1505229
79882 1024000
94428 1404640
76164 950804
88072 1228952
74161 883729
114638 2082264
85730 1179444
116766 2140024
116724 2139204
98677 1535913
79108 1003832
114520 2079868
79399 1016929
110538 1937900
90654 1311916
103652 1698916
68018 749060
98823 1538705
78973 1009533
106604 1782788
87037 1204669
129144 2612900
92807 1366797
103730 1701224
109751 1901389
105739 1760905
129024 2610112
94531 1410317
111553 1951405
105521 1766101
87171 1204549
87023 1202369
94216 1399824
85480 1173480
111779 1956785
97159 1499825
75157 902433
79152 1004460
131493 2709933
104076 1706344
95799 1466369
108553 1845981
81012 1045576
127506 2562204
86983 1202621
86735 1195201
85730 1177484
81515 1059397
124578 2429756
81338 1052696
110693 1925645
82515 1084965
103028 1685888
118011 2187113
98698 1543940
114700 2083228
95599 1440869
87961 1223409
104134 1707132
93516 1382848
110865 1928605
97706 1525792
85728 1179240
107466 1806336
92360 1349628
111298 1953548
90664 1311880
116090 2123492
81362 1053508
101602 1650828
123679 2392757
73637 874621
84871 1149497
112254 1987520
97191 1500349
112222 1986828
79707 1021893
85487 1166073
114584 2081048
105303 1751277
80752 1039156
97706 1525792
105415 1753201
111284 1953376
71555 831841
68604 758740
90844 1314608
110530 1937788
94366 1402820
103913 1722445
123357 2381733
85239 1156357
67620 742160
81092 1046832
68246 753720
80534 1037788
66174 715300
101580 1650772
99568 1572260
96687 1489097
87905 1222509
85667 1168605
81448 1054444
87873 1222089
129814 2631952
119716 2234856
71571 831981
106673 1790437
69791 785809
117593 2177993
116734 2139308
118400 2188404
98626 1542148
64220 667364
123239 2378537
98410 1538740
97173 1500341
73126 868592
83607 1106565
112040 1972200
111229 1937897
137862 2975872
121567 2304545
100121 1576593
108463 1844473
114976 2067412
95499 1439317
104652 1721660
109119 1883049
92139 1353105
118000 2178956
105721 1769797
104510 1717348
118837 2209885
142078 3151348
104526 1718580
111726 1963620
85385 1158705
74197 884229
98609 1534321
102786 1674792
94366 1402820
101914 1634176
92920 1368772
130659 2673937
94218 1399944
125314 2461688
114594 2081760
106127 1777953
135523 2873777
80704 1038484
110798 1942544
88271 1229341
81751 1061841
101958 1630272
81312 1052172
95771 1443949
98838 1548516
109737 1901233
87119 1203833
112066 1983560
87006 1209424
62112 630576
90990 1316608
102994 1685540
89254 1281420
116182 2124516
104926 1733692
82531 1080561
83413 1121201
111447 1949553
103700 1700720
79162 1004868
123433 2383293
87919 1222269
107484 1806944
95907 1447169
91632 1330500
106575 1788309
102998 1685568
106728 1784588
68018 749060
78983 1009617
110633 1921165
124570 2429692
110534 1937840
109591 1898577
87661 1218077
108111 1859721
97141 1499833
85011 1153041
115914 2120164
110814 1942768
78160 983748
131493 2709933
94218 1399944
106143 1778185
118806 2209628
87881 1222421
100118 1583632
86973 1202485
121207 2318177
137216 2941800
98424 1538864
84149 1138517
116794 2140636
105180 1739072
124067 2402245
114674 2083064
92360 1349600
93564 1382920
74958 902912
91944 1336032
103206 1688544
107484 1806944
86335 1188945
81358 1052888
98626 1543044
103130 1681368
92272 1347684
130019 2656725
90913 1333981
124135 2403633
87079 1203173
79500 1009704
99990 1581152
121533 2303909
88978 1250108
132701 2743585
96443 1486149
102182 1634444
100077 1576529
64202 667176
102256 1640904
126011 2475425
113307 2006969
112702 1997028
104412 1717016
110221 1913341
118836 2210000
122487 2358849
109731 1901009
93014 1369888
75132 904096
114694 2083144
123247 2379685
88047 1224721
107969 1857461
82671 1087169
110291 1914921
74177 883945
105249 1750625
103610 1698524
103925 1722541
106590 1782556
93570 1385076
102054 1636840
126157 2479009
118625 2214273
117719 2180433
95615 1441065
108019 1858305
103692 1700852
103945 1722989
79681 1021377
97579 1505441
108793 1852369
117998 2178936
110524 1937740
118341 2197613
114528 2079956
104438 1717316
116138 2124144
79114 1004044
130228 2646588
92311 1357877
94222 1399980
62067 628313
95703 1442985
122487 2358849
85569 1167477
123909 2397229
124686 2433700
91666 1330172
116935 2163113
122025 2317145
97569 1505229
114532 2080304
104408 1716992
114976 2067412
103614 1699584
118850 2210164
81024 1045684
85715 1169709
98683 1536041
110285 1912381
101027 1600533
115076 2069732
70735 801921
97955 1515813
98854 1548912
124570 2429692
74729 893149
108793 1852369
130659 2673937
89972 1294584
112270 1987668
97523 1504893
103670 1699452
98479 1531893
96471 1486401
74859 897405
72183 842241
98623 1535281
96513 1486489
84543 1142277
72846 864716
124878 2452360
98377 1530449
87885 1222445
112509 1983785
117144 2152152
87041 1204917
117591 2177981
110183 1912757
98852 1548900
106665 1790305
74861 897717
87571 1214157
113231 2005493
74869 897905
84227 1139413
110135 1912961
92401 1359233
112937 1997985
92649 1373449
109739 1901153
85083 1153881
85958 1182284
115084 2069820
92202 1346240
125746 2472724
132564 2733956
108139 1860341
110635 1921053
115686 2108036
81114 1047148
105415 1753201
104862 1726076
80534 1037788
98950 1550504
113159 2001993
81488 1055188
81429 1058497
86439 1190309
87913 1222525
87023 1202369
85027 1153157
99590 1572484
80589 1043237
105411 1753161
81708 1059276
86981 1202609
99208 1565304
87669 1218133
95821 1446033
116935 2163113
112925 1997901
96311 1476881
99606 1572636
110273 1914877
109751 1901389
90240 1281864
88218 1230460
110249 1914781
82663 1087145
105183 1746841
100257 1581201
123281 2379549
109453 1896145
88400 1269544
93578 1385304
93528 1382956
104562 1719292
106640 1784692
80428 1035232
103746 1700984
114630 2082184
116850 2142060
98445 1531473
89278 1260672
99360 1558912
116000 2121512
103842 1702228
100965 1599553
86367 1189377
104995 1742377
105458 1745064
93101 1380613
87487 1213081
111553 1951405
101964 1634808
88005 1223881
88047 1224721
86953 1202309
92311 1357877
93598 1385716
131493 2709933
103042 1686040
101358 1647532
111690 1961904
110205 1913121
107863 1818401
106604 1782788
116712 2139032
108727 1851401
107114 1796280
74717 895349
86009 1174709
116758 2140036
119647 2239909
105914 1764528
93572 1382992
104983 1742269
108137 1860477
86494 1200476
87971 1223485
104090 1706484
92315 1357901
113189 2002585
