55057
68498
85769
330246246
65377
23307
89112
29245
30765
7855
701188287
126233322
51499186
58051
854431884
80865
608780646
123170982
573237626
16238
953328619
263920968
24852486
243911948
234221254
2730695
708339555
514239423
133228395
946964414
260459138
29735854
72962
616584109
459693757
101829858
235546839
187
523428103
517866867
270832128
744293543
81152655
98909
82159872
235094500
65011938
521880145
801576854
806126847
718469829
483998914
864219563
865096679
497809853
441846268
448394627
999312227
308332590
156471132
179723832
185607122
97724165
705419737
738250597
19622223
404858854
490388511
897296223
887711948
708342132
173729217
149399785
97793182
37309578
187821592
346518984
199926277
864857847
336767458
199898263
