39222422462380
988882891740
71939641826781
752637673816
3643767753112
30546978260799
62866078024736
45757849793619
3015758656574
2242236179278
15966581420792
81039912717062
94327521502388
93814132519309
106404310533026
105866764247360
45048512811884
3361897267851
39551246585089
6080605364342
71939641826781
988882891740
22238299407596
47291501028
103200336433203
57709730908
97945155398591
9996182651
9679579327797
78232479325269
25841870173183
93302349508753
11429385113673
2098665169365
60023878666419
32608294592556
79161159592994
74614738165928
27465004892174
44694339336767
71495508915215
14313099357053
94327521502388
95356672439033
17060528628311
81039912717062
20048987048874
18193852715162
26109287282346
92790769009407
55711553459543
26920183704460
53039366550656
50432030127791
4579592879707
20767493444185
7034236276637
42243373433921
478919345844
84359429587297
34448515423591
1959075625454
139600788262
42588931737371
80097779994059
105866764247360
51911011425661
81039912717062
29329289643
17966121035625
30834179371253
24784521257490
90262260256117
14513831508333
4253450333503
88273428442248
105329306482840
53796164574509
16087193574
35064971151559
42243373433921
62456589455232
108034293434886
3098474580839
105329306482840
79629281958116
7174398189326
18652308262771
43636772314310
84844760220552
5175065250933
